Archive member included to satisfy reference by file (symbol)

/usr/lib/gcc/arm-none-eabi/6.3.1/thumb/v6-m/libgcc.a(_dvmd_tls.o)
                              CMakeFiles/CoffeeScale.dir/home/yanickch/pico/pico-sdk/src/rp2_common/pico_divider/divider.S.obj (__aeabi_idiv0)
/usr/lib/gcc/arm-none-eabi/6.3.1/../../../arm-none-eabi/lib/thumb/v6-m/libc.a(lib_a-atexit.o)
                              /usr/lib/gcc/arm-none-eabi/6.3.1/../../../arm-none-eabi/lib/thumb/v6-m/crt0.o (atexit)
/usr/lib/gcc/arm-none-eabi/6.3.1/../../../arm-none-eabi/lib/thumb/v6-m/libc.a(lib_a-calloc.o)
                              CMakeFiles/CoffeeScale.dir/home/yanickch/pico/pico-sdk/src/rp2_common/pico_malloc/pico_malloc.c.obj (calloc)
/usr/lib/gcc/arm-none-eabi/6.3.1/../../../arm-none-eabi/lib/thumb/v6-m/libc.a(lib_a-callocr.o)
                              /usr/lib/gcc/arm-none-eabi/6.3.1/../../../arm-none-eabi/lib/thumb/v6-m/libc.a(lib_a-calloc.o) (_calloc_r)
/usr/lib/gcc/arm-none-eabi/6.3.1/../../../arm-none-eabi/lib/thumb/v6-m/libc.a(lib_a-fini.o)
                              /usr/lib/gcc/arm-none-eabi/6.3.1/../../../arm-none-eabi/lib/thumb/v6-m/crt0.o (__libc_fini_array)
/usr/lib/gcc/arm-none-eabi/6.3.1/../../../arm-none-eabi/lib/thumb/v6-m/libc.a(lib_a-impure.o)
                              CMakeFiles/CoffeeScale.dir/home/yanickch/pico/pico-sdk/src/common/pico_util/pheap.c.obj (_impure_ptr)
/usr/lib/gcc/arm-none-eabi/6.3.1/../../../arm-none-eabi/lib/thumb/v6-m/libc.a(lib_a-init.o)
                              /usr/lib/gcc/arm-none-eabi/6.3.1/../../../arm-none-eabi/lib/thumb/v6-m/crt0.o (__libc_init_array)
/usr/lib/gcc/arm-none-eabi/6.3.1/../../../arm-none-eabi/lib/thumb/v6-m/libc.a(lib_a-malloc.o)
                              CMakeFiles/CoffeeScale.dir/home/yanickch/pico/pico-sdk/src/rp2_common/pico_malloc/pico_malloc.c.obj (malloc)
/usr/lib/gcc/arm-none-eabi/6.3.1/../../../arm-none-eabi/lib/thumb/v6-m/libc.a(lib_a-mallocr.o)
                              /usr/lib/gcc/arm-none-eabi/6.3.1/../../../arm-none-eabi/lib/thumb/v6-m/libc.a(lib_a-callocr.o) (_malloc_r)
/usr/lib/gcc/arm-none-eabi/6.3.1/../../../arm-none-eabi/lib/thumb/v6-m/libc.a(lib_a-mlock.o)
                              /usr/lib/gcc/arm-none-eabi/6.3.1/../../../arm-none-eabi/lib/thumb/v6-m/libc.a(lib_a-mallocr.o) (__malloc_lock)
/usr/lib/gcc/arm-none-eabi/6.3.1/../../../arm-none-eabi/lib/thumb/v6-m/libc.a(lib_a-sbrkr.o)
                              /usr/lib/gcc/arm-none-eabi/6.3.1/../../../arm-none-eabi/lib/thumb/v6-m/libc.a(lib_a-mallocr.o) (_sbrk_r)
/usr/lib/gcc/arm-none-eabi/6.3.1/../../../arm-none-eabi/lib/thumb/v6-m/libc.a(lib_a-strlen-stub.o)
                              CMakeFiles/CoffeeScale.dir/home/yanickch/pico/pico-sdk/src/rp2_common/pico_stdio/stdio.c.obj (strlen)
/usr/lib/gcc/arm-none-eabi/6.3.1/../../../arm-none-eabi/lib/thumb/v6-m/libc.a(lib_a-wbuf.o)
                              CMakeFiles/CoffeeScale.dir/home/yanickch/pico/pico-sdk/src/common/pico_util/pheap.c.obj (__swbuf_r)
/usr/lib/gcc/arm-none-eabi/6.3.1/../../../arm-none-eabi/lib/thumb/v6-m/libc.a(lib_a-wsetup.o)
                              /usr/lib/gcc/arm-none-eabi/6.3.1/../../../arm-none-eabi/lib/thumb/v6-m/libc.a(lib_a-wbuf.o) (__swsetup_r)
/usr/lib/gcc/arm-none-eabi/6.3.1/../../../arm-none-eabi/lib/thumb/v6-m/libc.a(lib_a-__atexit.o)
                              /usr/lib/gcc/arm-none-eabi/6.3.1/../../../arm-none-eabi/lib/thumb/v6-m/libc.a(lib_a-atexit.o) (__register_exitproc)
/usr/lib/gcc/arm-none-eabi/6.3.1/../../../arm-none-eabi/lib/thumb/v6-m/libc.a(lib_a-fflush.o)
                              /usr/lib/gcc/arm-none-eabi/6.3.1/../../../arm-none-eabi/lib/thumb/v6-m/libc.a(lib_a-wbuf.o) (_fflush_r)
/usr/lib/gcc/arm-none-eabi/6.3.1/../../../arm-none-eabi/lib/thumb/v6-m/libc.a(lib_a-findfp.o)
                              /usr/lib/gcc/arm-none-eabi/6.3.1/../../../arm-none-eabi/lib/thumb/v6-m/libc.a(lib_a-wbuf.o) (__sinit)
/usr/lib/gcc/arm-none-eabi/6.3.1/../../../arm-none-eabi/lib/thumb/v6-m/libc.a(lib_a-freer.o)
                              /usr/lib/gcc/arm-none-eabi/6.3.1/../../../arm-none-eabi/lib/thumb/v6-m/libc.a(lib_a-malloc.o) (_free_r)
/usr/lib/gcc/arm-none-eabi/6.3.1/../../../arm-none-eabi/lib/thumb/v6-m/libc.a(lib_a-fwalk.o)
                              /usr/lib/gcc/arm-none-eabi/6.3.1/../../../arm-none-eabi/lib/thumb/v6-m/libc.a(lib_a-findfp.o) (_fwalk)
/usr/lib/gcc/arm-none-eabi/6.3.1/../../../arm-none-eabi/lib/thumb/v6-m/libc.a(lib_a-makebuf.o)
                              /usr/lib/gcc/arm-none-eabi/6.3.1/../../../arm-none-eabi/lib/thumb/v6-m/libc.a(lib_a-wsetup.o) (__smakebuf_r)
/usr/lib/gcc/arm-none-eabi/6.3.1/../../../arm-none-eabi/lib/thumb/v6-m/libc.a(lib_a-reent.o)
                              /usr/lib/gcc/arm-none-eabi/6.3.1/../../../arm-none-eabi/lib/thumb/v6-m/libc.a(lib_a-sbrkr.o) (errno)
/usr/lib/gcc/arm-none-eabi/6.3.1/../../../arm-none-eabi/lib/thumb/v6-m/libc.a(lib_a-stdio.o)
[...]
Memory Configuration

Name             Origin             Length             Attributes
FLASH            0x0000000010000000 0x0000000000200000 xr
RAM              0x0000000020000000 0x0000000000040000 xrw
SCRATCH_X        0x0000000020040000 0x0000000000001000 xrw
SCRATCH_Y        0x0000000020041000 0x0000000000001000 xrw
*default*        0x0000000000000000 0xffffffffffffffff

Linker script and memory map

LOAD /usr/lib/gcc/arm-none-eabi/6.3.1/thumb/v6-m/crti.o
LOAD /usr/lib/gcc/arm-none-eabi/6.3.1/thumb/v6-m/crtbegin.o
LOAD /usr/lib/gcc/arm-none-eabi/6.3.1/../../../arm-none-eabi/lib/thumb/v6-m/crt0.o

.flash_begin    0x0000000010000000        0x0
                0x0000000010000000                __flash_binary_start = .

.boot2          0x0000000010000000      0x100
                0x0000000010000000                __boot2_start__ = .
 *(.boot2)
 .boot2         0x0000000010000000      0x100 /tmp/ccxLjfff.o
                0x0000000010000100                __boot2_end__ = .
                0x0000000000000001                ASSERT (((__boot2_end__ - __boot2_start__) == 0x100), ERROR: Pico second stage bootloader must be 256 bytes in size)

.text           0x0000000010000100     0x8fe0
                0x0000000010000100                __logical_binary_start = .
 *(.vectors)
 .vectors       0x0000000010000100       0xd4 CMakeFiles/CoffeeScale.dir/home/yanickch/pico/pico-sdk/src/rp2_common/pico_standard_link/crt0.S.obj
                0x0000000010000100                __vectors
                0x0000000010000100                __VECTOR_TABLE
                0x00000000100001c0                isr_invalid
                0x00000000100001c0                __default_isrs_start
                0x00000000100001c2                isr_nmi
                0x00000000100001c4                isr_hardfault
                0x00000000100001c6                isr_svcall
                0x00000000100001c8                isr_pendsv
                0x00000000100001ca                isr_systick
                0x00000000100001cc                isr_irq30
                0x00000000100001cc                __unhandled_user_irq
                0x00000000100001cc                isr_irq13
                0x00000000100001cc                isr_irq27
                0x00000000100001cc                isr_irq31
                0x00000000100001cc                isr_irq5
                0x00000000100001cc                isr_irq11
                0x00000000100001cc                isr_irq23
                0x00000000100001cc                isr_irq18
                0x00000000100001cc                isr_irq28
                0x00000000100001cc                isr_irq19
                0x00000000100001cc                isr_irq0
                0x00000000100001cc                isr_irq6
                0x00000000100001cc                isr_irq22
                0x00000000100001cc                isr_irq17
                0x00000000100001cc                isr_irq14
                0x00000000100001cc                isr_irq2
                0x00000000100001cc                isr_irq10
                0x00000000100001cc                isr_irq8
                0x00000000100001cc                isr_irq24
                0x00000000100001cc                isr_irq1
                0x00000000100001cc                isr_irq7
                0x00000000100001cc                isr_irq21
                0x00000000100001cc                isr_irq20
                0x00000000100001cc                isr_irq15
                0x00000000100001cc                isr_irq25
                0x00000000100001cc                isr_irq4
                0x00000000100001cc                isr_irq16
                0x00000000100001cc                isr_irq29
                0x00000000100001cc                isr_irq26
                0x00000000100001cc                __default_isrs_end
                0x00000000100001cc                isr_irq3
                0x00000000100001cc                isr_irq12
                0x00000000100001cc                isr_irq9
                0x00000000100001d2                unhandled_user_irq_num_in_r0
 *(.binary_info_header)
 .binary_info_header
                0x00000000100001d4       0x14 CMakeFiles/CoffeeScale.dir/home/yanickch/pico/pico-sdk/src/rp2_common/pico_standard_link/crt0.S.obj
                0x00000000100001e8                __binary_info_header_end = .
 *(.reset)
 .reset         0x00000000100001e8       0xa8 CMakeFiles/CoffeeScale.dir/home/yanickch/pico/pico-sdk/src/rp2_common/pico_standard_link/crt0.S.obj
                0x00000000100001e8                _entry_point
                0x0000000010000266                __get_current_exception
 .reset         0x0000000010000290       0x30 CMakeFiles/CoffeeScale.dir/home/yanickch/pico/pico-sdk/src/rp2_common/pico_standard_link/binary_info.c.obj
 *(.init)
 .init          0x00000000100002c0        0x4 /usr/lib/gcc/arm-none-eabi/6.3.1/thumb/v6-m/crti.o
                0x00000000100002c0                _init
 *(EXCLUDE_FILE(*libm.a: *libc.a:*lib_a-mem*.o *libgcc.a:) .text*)
 .text          0x00000000100002c4       0xb4 /usr/lib/gcc/arm-none-eabi/6.3.1/thumb/v6-m/crtbegin.o
 .text.Timer_Callback
                0x0000000010000378       0x58 CMakeFiles/CoffeeScale.dir/main.c.obj
                0x0000000010000378                Timer_Callback
 .text.startup.main
                0x00000000100003d0      0x28c CMakeFiles/CoffeeScale.dir/main.c.obj
                0x00000000100003d0                main
 .text.InitHX711
                0x000000001000065c       0x34 CMakeFiles/CoffeeScale.dir/hx711.c.obj
                0x000000001000065c                InitHX711
 .text.ReadHX711
                0x0000000010000690       0x9c CMakeFiles/CoffeeScale.dir/hx711.c.obj
                0x0000000010000690                ReadHX711
 .text.gpio_set_function
                0x000000001000072c       0x30 CMakeFiles/CoffeeScale.dir/home/yanickch/pico/pico-sdk/src/rp2_common/hardware_gpio/gpio.c.obj
                0x000000001000072c                gpio_set_function
 .text.gpio_init
                0x000000001000075c       0x3c CMakeFiles/CoffeeScale.dir/home/yanickch/pico/pico-sdk/src/rp2_common/hardware_gpio/gpio.c.obj
                0x000000001000075c                gpio_init
 .text.hw_claim_or_assert
                0x0000000010000798       0x44 CMakeFiles/CoffeeScale.dir/home/yanickch/pico/pico-sdk/src/rp2_common/hardware_claim/claim.c.obj
                0x0000000010000798                hw_claim_or_assert
 .text.hw_claim_unused_from_range
                0x00000000100007dc       0x8c CMakeFiles/CoffeeScale.dir/home/yanickch/pico/pico-sdk/src/rp2_common/hardware_claim/claim.c.obj
                0x00000000100007dc                hw_claim_unused_from_range
 .text.running_on_fpga
                0x0000000010000868       0x10 CMakeFiles/CoffeeScale.dir/home/yanickch/pico/pico-sdk/src/rp2_common/pico_platform/platform.c.obj
                0x0000000010000868                running_on_fpga
 .text.spin_locks_reset
                0x0000000010000878       0x1c CMakeFiles/CoffeeScale.dir/home/yanickch/pico/pico-sdk/src/rp2_common/hardware_sync/sync.c.obj
                0x0000000010000878                spin_locks_reset
 .text.next_striped_spin_lock_num
                0x0000000010000894       0x18 CMakeFiles/CoffeeScale.dir/home/yanickch/pico/pico-sdk/src/rp2_common/hardware_sync/sync.c.obj
                0x0000000010000894                next_striped_spin_lock_num
 .text.spin_lock_claim_unused
                0x00000000100008ac       0x20 CMakeFiles/CoffeeScale.dir/home/yanickch/pico/pico-sdk/src/rp2_common/hardware_sync/sync.c.obj
                0x00000000100008ac                spin_lock_claim_unused
 .text.uart_init
                0x00000000100008cc       0xe4 CMakeFiles/CoffeeScale.dir/home/yanickch/pico/pico-sdk/src/rp2_common/hardware_uart/uart.c.obj
                0x00000000100008cc                uart_init
 .text.timer_pool_entry_comparator
                0x00000000100009b0       0x34 CMakeFiles/CoffeeScale.dir/home/yanickch/pico/pico-sdk/src/common/pico_time/time.c.obj
                0x00000000100009b0                timer_pool_entry_comparator
 .text.repeating_timer_callback
                0x00000000100009e4       0x1c CMakeFiles/CoffeeScale.dir/home/yanickch/pico/pico-sdk/src/common/pico_time/time.c.obj
 .text.sleep_until_callback
                0x0000000010000a00       0x30 CMakeFiles/CoffeeScale.dir/home/yanickch/pico/pico-sdk/src/common/pico_time/time.c.obj
 .text.add_alarm_under_lock
                0x0000000010000a30      0x124 CMakeFiles/CoffeeScale.dir/home/yanickch/pico/pico-sdk/src/common/pico_time/time.c.obj
 .text.alarm_pool_alarm_callback
                0x0000000010000b54      0x1dc CMakeFiles/CoffeeScale.dir/home/yanickch/pico/pico-sdk/src/common/pico_time/time.c.obj
 .text.alarm_pool_init_default
                0x0000000010000d30       0x64 CMakeFiles/CoffeeScale.dir/home/yanickch/pico/pico-sdk/src/common/pico_time/time.c.obj
                0x0000000010000d30                alarm_pool_init_default
 .text.alarm_pool_get_default
                0x0000000010000d94        0x8 CMakeFiles/CoffeeScale.dir/home/yanickch/pico/pico-sdk/src/common/pico_time/time.c.obj
                0x0000000010000d94                alarm_pool_get_default
 .text.alarm_pool_add_alarm_at
                0x0000000010000d9c      0x1a0 CMakeFiles/CoffeeScale.dir/home/yanickch/pico/pico-sdk/src/common/pico_time/time.c.obj
                0x0000000010000d9c                alarm_pool_add_alarm_at
 .text.alarm_pool_add_repeating_timer_us
                0x0000000010000f3c      0x20c CMakeFiles/CoffeeScale.dir/home/yanickch/pico/pico-sdk/src/common/pico_time/time.c.obj
                0x0000000010000f3c                alarm_pool_add_repeating_timer_us
 .text.sleep_until
                0x0000000010001148      0x1e4 CMakeFiles/CoffeeScale.dir/home/yanickch/pico/pico-sdk/src/common/pico_time/time.c.obj
                0x0000000010001148                sleep_until
 .text.sleep_us
                0x000000001000132c       0x30 CMakeFiles/CoffeeScale.dir/home/yanickch/pico/pico-sdk/src/common/pico_time/time.c.obj
                0x000000001000132c                sleep_us
 .text.sleep_ms
                0x000000001000135c       0x38 CMakeFiles/CoffeeScale.dir/home/yanickch/pico/pico-sdk/src/common/pico_time/time.c.obj
                0x000000001000135c                sleep_ms
 .text.best_effort_wfe_or_timeout
                0x0000000010001394      0x1c8 CMakeFiles/CoffeeScale.dir/home/yanickch/pico/pico-sdk/src/common/pico_time/time.c.obj
                0x0000000010001394                best_effort_wfe_or_timeout
 .text.hardware_alarm_irq_handler
                0x000000001000155c       0xa0 CMakeFiles/CoffeeScale.dir/home/yanickch/pico/pico-sdk/src/rp2_common/hardware_timer/timer.c.obj
 .text.hardware_alarm_claim
                0x00000000100015fc       0x18 CMakeFiles/CoffeeScale.dir/home/yanickch/pico/pico-sdk/src/rp2_common/hardware_timer/timer.c.obj
                0x00000000100015fc                hardware_alarm_claim
 .text.time_us_64
                0x0000000010001614       0x18 CMakeFiles/CoffeeScale.dir/home/yanickch/pico/pico-sdk/src/rp2_common/hardware_timer/timer.c.obj
                0x0000000010001614                time_us_64
 .text.busy_wait_us
                0x000000001000162c       0x54 CMakeFiles/CoffeeScale.dir/home/yanickch/pico/pico-sdk/src/rp2_common/hardware_timer/timer.c.obj
                0x000000001000162c                busy_wait_us
 .text.busy_wait_until
                0x0000000010001680       0x20 CMakeFiles/CoffeeScale.dir/home/yanickch/pico/pico-sdk/src/rp2_common/hardware_timer/timer.c.obj
                0x0000000010001680                busy_wait_until
 .text.hardware_alarm_set_callback
                0x00000000100016a0       0x8c CMakeFiles/CoffeeScale.dir/home/yanickch/pico/pico-sdk/src/rp2_common/hardware_timer/timer.c.obj
                0x00000000100016a0                hardware_alarm_set_callback
 .text.hardware_alarm_set_target
                0x000000001000172c       0xdc CMakeFiles/CoffeeScale.dir/home/yanickch/pico/pico-sdk/src/rp2_common/hardware_timer/timer.c.obj
                0x000000001000172c                hardware_alarm_set_target
 .text.hardware_alarm_cancel
                0x0000000010001808       0x40 CMakeFiles/CoffeeScale.dir/home/yanickch/pico/pico-sdk/src/rp2_common/hardware_timer/timer.c.obj
                0x0000000010001808                hardware_alarm_cancel
 .text.lock_init
                0x0000000010001848       0x10 CMakeFiles/CoffeeScale.dir/home/yanickch/pico/pico-sdk/src/common/pico_sync/lock_core.c.obj
                0x0000000010001848                lock_init
 .text.mutex_init
                0x0000000010001858       0x1c CMakeFiles/CoffeeScale.dir/home/yanickch/pico/pico-sdk/src/common/pico_sync/mutex.c.obj
                0x0000000010001858                mutex_init
 .text.recursive_mutex_init
                0x0000000010001874       0x20 CMakeFiles/CoffeeScale.dir/home/yanickch/pico/pico-sdk/src/common/pico_sync/mutex.c.obj
                0x0000000010001874                recursive_mutex_init
 .text.critical_section_init
                0x0000000010001894       0x20 CMakeFiles/CoffeeScale.dir/home/yanickch/pico/pico-sdk/src/common/pico_sync/critical_section.c.obj
                0x0000000010001894                critical_section_init
 .text.ph_merge_two_pass.part.3
                0x00000000100018b4      0x18c CMakeFiles/CoffeeScale.dir/home/yanickch/pico/pico-sdk/src/common/pico_util/pheap.c.obj
 .text.ph_post_alloc_init
                0x0000000010001a40       0x3c CMakeFiles/CoffeeScale.dir/home/yanickch/pico/pico-sdk/src/common/pico_util/pheap.c.obj
                0x0000000010001a40                ph_post_alloc_init
 .text.ph_remove_head
                0x0000000010001a7c      0x158 CMakeFiles/CoffeeScale.dir/home/yanickch/pico/pico-sdk/src/common/pico_util/pheap.c.obj
                0x0000000010001a7c                ph_remove_head
 .text.ph_remove_and_free_node
                0x0000000010001bd4      0x254 CMakeFiles/CoffeeScale.dir/home/yanickch/pico/pico-sdk/src/common/pico_util/pheap.c.obj
                0x0000000010001bd4                ph_remove_and_free_node
 .text.runtime_init
                0x0000000010001e28       0xf4 CMakeFiles/CoffeeScale.dir/home/yanickch/pico/pico-sdk/src/rp2_common/pico_runtime/runtime.c.obj
                0x0000000010001e28                runtime_init
 .text._sbrk    0x0000000010001f1c       0x34 CMakeFiles/CoffeeScale.dir/home/yanickch/pico/pico-sdk/src/rp2_common/pico_runtime/runtime.c.obj
                0x0000000010001f1c                _sbrk
 .text.exit     0x0000000010001f50        0x4 CMakeFiles/CoffeeScale.dir/home/yanickch/pico/pico-sdk/src/rp2_common/pico_runtime/runtime.c.obj
                0x0000000010001f50                exit
 .text.panic    0x0000000010001f54       0x30 CMakeFiles/CoffeeScale.dir/home/yanickch/pico/pico-sdk/src/rp2_common/pico_runtime/runtime.c.obj
                0x0000000010001f54                panic
 .text.hard_assertion_failure
                0x0000000010001f84        0xc CMakeFiles/CoffeeScale.dir/home/yanickch/pico/pico-sdk/src/rp2_common/pico_runtime/runtime.c.obj
                0x0000000010001f84                hard_assertion_failure
 .text.clocks_init
                0x0000000010001f90      0x2c8 CMakeFiles/CoffeeScale.dir/home/yanickch/pico/pico-sdk/src/rp2_common/hardware_clocks/clocks.c.obj
                0x0000000010001f90                clocks_init
 .text.clock_get_hz
                0x0000000010002258        0xc CMakeFiles/CoffeeScale.dir/home/yanickch/pico/pico-sdk/src/rp2_common/hardware_clocks/clocks.c.obj
                0x0000000010002258                clock_get_hz
 .text.irq_set_enabled
                0x0000000010002264       0x24 CMakeFiles/CoffeeScale.dir/home/yanickch/pico/pico-sdk/src/rp2_common/hardware_irq/irq.c.obj
                0x0000000010002264                irq_set_enabled
 .text.irq_set_pending
                0x0000000010002288       0x10 CMakeFiles/CoffeeScale.dir/home/yanickch/pico/pico-sdk/src/rp2_common/hardware_irq/irq.c.obj
                0x0000000010002288                irq_set_pending
 .text.irq_get_vtable_handler
                0x0000000010002298       0x10 CMakeFiles/CoffeeScale.dir/home/yanickch/pico/pico-sdk/src/rp2_common/hardware_irq/irq.c.obj
                0x0000000010002298                irq_get_vtable_handler
 .text.irq_set_exclusive_handler
                0x00000000100022a8       0x54 CMakeFiles/CoffeeScale.dir/home/yanickch/pico/pico-sdk/src/rp2_common/hardware_irq/irq.c.obj
                0x00000000100022a8                irq_set_exclusive_handler
 .text.irq_remove_handler
                0x00000000100022fc      0x1bc CMakeFiles/CoffeeScale.dir/home/yanickch/pico/pico-sdk/src/rp2_common/hardware_irq/irq.c.obj
                0x00000000100022fc                irq_remove_handler
 .text.irq_add_tail_to_free_list
                0x00000000100024b8       0xb4 CMakeFiles/CoffeeScale.dir/home/yanickch/pico/pico-sdk/src/rp2_common/hardware_irq/irq.c.obj
                0x00000000100024b8                irq_add_tail_to_free_list
 .text.irq_init_priorities
                0x000000001000256c       0x48 CMakeFiles/CoffeeScale.dir/home/yanickch/pico/pico-sdk/src/rp2_common/hardware_irq/irq.c.obj
                0x000000001000256c                irq_init_priorities
 .text.pll_init
                0x00000000100025b4       0x98 CMakeFiles/CoffeeScale.dir/home/yanickch/pico/pico-sdk/src/rp2_common/hardware_pll/pll.c.obj
                0x00000000100025b4                pll_init
 .text.watchdog_start_tick
                0x000000001000264c       0x10 CMakeFiles/CoffeeScale.dir/home/yanickch/pico/pico-sdk/src/rp2_common/hardware_watchdog/watchdog.c.obj
                0x000000001000264c                watchdog_start_tick
 .text.watchdog_reboot
                0x000000001000265c       0x94 CMakeFiles/CoffeeScale.dir/home/yanickch/pico/pico-sdk/src/rp2_common/hardware_watchdog/watchdog.c.obj
                0x000000001000265c                watchdog_reboot
 .text.xosc_init
                0x00000000100026f0       0x28 CMakeFiles/CoffeeScale.dir/home/yanickch/pico/pico-sdk/src/rp2_common/hardware_xosc/xosc.c.obj
                0x00000000100026f0                xosc_init
 .text._out_null
                0x0000000010002718        0x4 CMakeFiles/CoffeeScale.dir/home/yanickch/pico/pico-sdk/src/rp2_common/pico_printf/printf.c.obj
 .text._out_fct
                0x000000001000271c       0x10 CMakeFiles/CoffeeScale.dir/home/yanickch/pico/pico-sdk/src/rp2_common/pico_printf/printf.c.obj
 .text._out_char
                0x000000001000272c       0x3c CMakeFiles/CoffeeScale.dir/home/yanickch/pico/pico-sdk/src/rp2_common/pico_printf/printf.c.obj
 .text._ntoa_format
                0x0000000010002768      0x214 CMakeFiles/CoffeeScale.dir/home/yanickch/pico/pico-sdk/src/rp2_common/pico_printf/printf.c.obj
 .text._ftoa    0x000000001000297c      0x6c4 CMakeFiles/CoffeeScale.dir/home/yanickch/pico/pico-sdk/src/rp2_common/pico_printf/printf.c.obj
 .text._etoa.part.1
                0x0000000010003040      0x3e0 CMakeFiles/CoffeeScale.dir/home/yanickch/pico/pico-sdk/src/rp2_common/pico_printf/printf.c.obj
 .text._vsnprintf
                0x0000000010003420      0xb30 CMakeFiles/CoffeeScale.dir/home/yanickch/pico/pico-sdk/src/rp2_common/pico_printf/printf.c.obj
 .text.vfctprintf
                0x0000000010003f50       0x20 CMakeFiles/CoffeeScale.dir/home/yanickch/pico/pico-sdk/src/rp2_common/pico_printf/printf.c.obj
                0x0000000010003f50                vfctprintf
 .text.weak_raw_vprintf
                0x0000000010003f70       0x30 CMakeFiles/CoffeeScale.dir/home/yanickch/pico/pico-sdk/src/rp2_common/pico_printf/printf.c.obj
                0x0000000010003f70                weak_raw_vprintf
 .text          0x0000000010003fa0       0x10 CMakeFiles/CoffeeScale.dir/home/yanickch/pico/pico-sdk/src/rp2_common/pico_bit_ops/bit_ops_aeabi.S.obj
 .text.rom_func_lookup
                0x0000000010003fb0       0x10 CMakeFiles/CoffeeScale.dir/home/yanickch/pico/pico-sdk/src/rp2_common/pico_bootrom/bootrom.c.obj
                0x0000000010003fb0                rom_func_lookup
 .text.rom_data_lookup
                0x0000000010003fc0       0x10 CMakeFiles/CoffeeScale.dir/home/yanickch/pico/pico-sdk/src/rp2_common/pico_bootrom/bootrom.c.obj
                0x0000000010003fc0                rom_data_lookup
 .text.rom_funcs_lookup
                0x0000000010003fd0       0x44 CMakeFiles/CoffeeScale.dir/home/yanickch/pico/pico-sdk/src/rp2_common/pico_bootrom/bootrom.c.obj
                0x0000000010003fd0                rom_funcs_lookup
 .text.__wrap___aeabi_idiv
                0x0000000010004014       0x50 CMakeFiles/CoffeeScale.dir/home/yanickch/pico/pico-sdk/src/rp2_common/pico_divider/divider.S.obj
                0x0000000010004014                __wrap___aeabi_idivmod
                0x0000000010004014                divmod_s32s32
                0x0000000010004014                div_s32s32
                0x0000000010004014                __wrap___aeabi_idiv
                0x000000001000401c                divmod_s32s32_unsafe
                0x0000000010004048                divmod_s32s32_savestate
 .text.__wrap___aeabi_uidiv
                0x0000000010004064       0x4c CMakeFiles/CoffeeScale.dir/home/yanickch/pico/pico-sdk/src/rp2_common/pico_divider/divider.S.obj
                0x0000000010004064                __wrap___aeabi_uidiv
                0x0000000010004064                __wrap___aeabi_uidivmod
                0x0000000010004064                div_u32u32
                0x0000000010004064                divmod_u32u32
                0x000000001000406c                divmod_u32u32_unsafe
                0x0000000010004094                divmod_u32u32_savestate
 .text.__wrap___aeabi_ldiv
                0x00000000100040b0      0x434 CMakeFiles/CoffeeScale.dir/home/yanickch/pico/pico-sdk/src/rp2_common/pico_divider/divider.S.obj
                0x00000000100040b0                div_s64s64
                0x00000000100040b0                divmod_s64s64
                0x00000000100040b0                __wrap___aeabi_ldivmod
                0x00000000100040e8                div_u64u64
                0x00000000100040e8                divmod_u64u64
                0x00000000100040e8                __wrap___aeabi_uldivmod
                0x00000000100040f8                divmod_u64u64_savestate
                0x0000000010004120                divmod_s64s64_unsafe
                0x00000000100041a8                divmod_u64u64_unsafe
 .text.__wrap___aeabi_darithmetic
                0x00000000100044e4       0x80 CMakeFiles/CoffeeScale.dir/home/yanickch/pico/pico-sdk/src/rp2_common/pico_double/double_aeabi.S.obj
                0x00000000100044e4                __wrap___aeabi_drsub
                0x00000000100044ea                __wrap___aeabi_dsub
                0x00000000100044fc                __wrap___aeabi_dadd
                0x000000001000450e                __wrap___aeabi_ddiv
                0x000000001000454a                __wrap___aeabi_dmul
 .text.__wrap___aeabi_cdcmple
                0x0000000010004564       0x6c CMakeFiles/CoffeeScale.dir/home/yanickch/pico/pico-sdk/src/rp2_common/pico_double/double_aeabi.S.obj
                0x0000000010004564                __wrap___aeabi_cdrcmple
                0x0000000010004574                __wrap___aeabi_cdcmple
                0x0000000010004574                __wrap___aeabi_cdcmpeq
 .text.__wrap___aeabi_dcmplt
                0x00000000100045d0        0xc CMakeFiles/CoffeeScale.dir/home/yanickch/pico/pico-sdk/src/rp2_common/pico_double/double_aeabi.S.obj
                0x00000000100045d0                __wrap___aeabi_dcmplt
 .text.__wrap___aeabi_dcmpge
                0x00000000100045dc       0x10 CMakeFiles/CoffeeScale.dir/home/yanickch/pico/pico-sdk/src/rp2_common/pico_double/double_aeabi.S.obj
                0x00000000100045dc                __wrap___aeabi_dcmpge
 .text.__wrap___aeabi_dcmpgt
                0x00000000100045ec        0xa CMakeFiles/CoffeeScale.dir/home/yanickch/pico/pico-sdk/src/rp2_common/pico_double/double_aeabi.S.obj
                0x00000000100045ec                __wrap___aeabi_dcmpgt
 .text.__wrap___aeabi_dcmpun
                0x00000000100045f6       0x1c CMakeFiles/CoffeeScale.dir/home/yanickch/pico/pico-sdk/src/rp2_common/pico_double/double_aeabi.S.obj
                0x00000000100045f6                __wrap___aeabi_dcmpun
 *fill*         0x0000000010004612        0x2 
 .text.__wrap___aeabi_i2d
                0x0000000010004614       0x38 CMakeFiles/CoffeeScale.dir/home/yanickch/pico/pico-sdk/src/rp2_common/pico_double/double_aeabi.S.obj
                0x0000000010004614                __wrap___aeabi_ui2d
                0x000000001000461c                __wrap___aeabi_i2d
 .text.__wrap___aeabi_d2iz
                0x000000001000464c       0x48 CMakeFiles/CoffeeScale.dir/home/yanickch/pico/pico-sdk/src/rp2_common/pico_double/double_aeabi.S.obj
                0x000000001000464c                __wrap___aeabi_d2iz
                0x000000001000464c                double2int_z
 .text.__wrap___aeabi_d2uiz
                0x0000000010004694       0x18 CMakeFiles/CoffeeScale.dir/home/yanickch/pico/pico-sdk/src/rp2_common/pico_double/double_aeabi.S.obj
                0x0000000010004694                double2uint
                0x0000000010004694                __wrap___aeabi_d2uiz
 .text.__aeabi_double_init
                0x00000000100046ac       0x60 CMakeFiles/CoffeeScale.dir/home/yanickch/pico/pico-sdk/src/rp2_common/pico_double/double_init_rom.c.obj
                0x00000000100046ac                __aeabi_double_init
 .text.double_table_shim_on_use_helper
                0x000000001000470c       0x2c CMakeFiles/CoffeeScale.dir/home/yanickch/pico/pico-sdk/src/rp2_common/pico_double/double_v1_rom_shim.S.obj
                0x000000001000470c                double_table_shim_on_use_helper
 .text.__wrap___aeabi_dsub
                0x0000000010004738       0x10 CMakeFiles/CoffeeScale.dir/home/yanickch/pico/pico-sdk/src/rp2_common/pico_double/double_v1_rom_shim.S.obj
                0x0000000010004738                drsub_shim
                0x000000001000473e                dsub_shim
 .text.dadd_shim
                0x0000000010004748      0x15c CMakeFiles/CoffeeScale.dir/home/yanickch/pico/pico-sdk/src/rp2_common/pico_double/double_v1_rom_shim.S.obj
                0x0000000010004748                dadd_shim
 .text.dmul_shim
                0x00000000100048a4      0x15c CMakeFiles/CoffeeScale.dir/home/yanickch/pico/pico-sdk/src/rp2_common/pico_double/double_v1_rom_shim.S.obj
                0x00000000100048a4                dmul_shim
 .text.ddiv_shim
                0x0000000010004a00      0x1b0 CMakeFiles/CoffeeScale.dir/home/yanickch/pico/pico-sdk/src/rp2_common/pico_double/double_v1_rom_shim.S.obj
                0x0000000010004a00                ddiv_shim
 .text.double2uint_shim
                0x0000000010004bb0        0xe CMakeFiles/CoffeeScale.dir/home/yanickch/pico/pico-sdk/src/rp2_common/pico_double/double_v1_rom_shim.S.obj
                0x0000000010004bb0                double2uint_shim
                0x0000000010004bb2                double2ufix_shim
 *fill*         0x0000000010004bbe        0x2 
 .text.double2uint64_shim
                0x0000000010004bc0       0x70 CMakeFiles/CoffeeScale.dir/home/yanickch/pico/pico-sdk/src/rp2_common/pico_double/double_v1_rom_shim.S.obj
                0x0000000010004bc0                double2uint64_shim
                0x0000000010004bc2                double2ufix64_shim
                0x0000000010004be2                d2fix_a
 .text.dunpacks
                0x0000000010004c30       0x3c CMakeFiles/CoffeeScale.dir/home/yanickch/pico/pico-sdk/src/rp2_common/pico_double/double_v1_rom_shim.S.obj
                0x0000000010004c30                dunpacks
 .text.__aeabi_lmul
                0x0000000010004c6c       0x32 CMakeFiles/CoffeeScale.dir/home/yanickch/pico/pico-sdk/src/rp2_common/pico_int64_ops/pico_int64_ops_aeabi.S.obj
                0x0000000010004c6c                __wrap___aeabi_lmul
 *fill*         0x0000000010004c9e        0x2 
 .text.__wrap___aeabi_farithmetic
                0x0000000010004ca0       0x48 CMakeFiles/CoffeeScale.dir/home/yanickch/pico/pico-sdk/src/rp2_common/pico_float/float_aeabi.S.obj
                0x0000000010004ca0                __wrap___aeabi_frsub
                0x0000000010004ca6                __wrap___aeabi_fsub
                0x0000000010004cac                __wrap___aeabi_fadd
                0x0000000010004cb2                __wrap___aeabi_fdiv
                0x0000000010004cda                __wrap___aeabi_fmul
 .text.__wrap___aeabi_cfcmple
                0x0000000010004ce8       0x50 CMakeFiles/CoffeeScale.dir/home/yanickch/pico/pico-sdk/src/rp2_common/pico_float/float_aeabi.S.obj
                0x0000000010004ce8                __wrap___aeabi_cfrcmple
                0x0000000010004cf4                __wrap___aeabi_cfcmpeq
                0x0000000010004cf4                __wrap___aeabi_cfcmple
 .text.__wrap___aeabi_fcmplt
                0x0000000010004d38        0xc CMakeFiles/CoffeeScale.dir/home/yanickch/pico/pico-sdk/src/rp2_common/pico_float/float_aeabi.S.obj
                0x0000000010004d38                __wrap___aeabi_fcmplt
 .text.__wrap___aeabi_i2f
                0x0000000010004d44       0x44 CMakeFiles/CoffeeScale.dir/home/yanickch/pico/pico-sdk/src/rp2_common/pico_float/float_aeabi.S.obj
                0x0000000010004d44                __wrap___aeabi_i2f
 .text.__wrap___aeabi_f2uiz
                0x0000000010004d88        0xc CMakeFiles/CoffeeScale.dir/home/yanickch/pico/pico-sdk/src/rp2_common/pico_float/float_aeabi.S.obj
                0x0000000010004d88                __wrap___aeabi_f2uiz
 .text.__wrap___aeabi_f2d
                0x0000000010004d94       0x14 CMakeFiles/CoffeeScale.dir/home/yanickch/pico/pico-sdk/src/rp2_common/pico_float/float_aeabi.S.obj
                0x0000000010004d94                __wrap___aeabi_f2d
 .text.__aeabi_float_init
                0x0000000010004da8       0x68 CMakeFiles/CoffeeScale.dir/home/yanickch/pico/pico-sdk/src/rp2_common/pico_float/float_init_rom.c.obj
                0x0000000010004da8                __aeabi_float_init
 .text.float_table_shim_on_use_helper
                0x0000000010004e10       0x2c CMakeFiles/CoffeeScale.dir/home/yanickch/pico/pico-sdk/src/rp2_common/pico_float/float_v1_rom_shim.S.obj
                0x0000000010004e10                float_table_shim_on_use_helper
 .text.float2double_shim
                0x0000000010004e3c       0x30 CMakeFiles/CoffeeScale.dir/home/yanickch/pico/pico-sdk/src/rp2_common/pico_float/float_v1_rom_shim.S.obj
                0x0000000010004e3c                float2double_shim
 .text          0x0000000010004e6c       0x10 CMakeFiles/CoffeeScale.dir/home/yanickch/pico/pico-sdk/src/rp2_common/pico_mem_ops/mem_ops_aeabi.S.obj
                0x0000000010004e6c                __aeabi_mem_init
 .text.memset   0x0000000010004e7c        0xc CMakeFiles/CoffeeScale.dir/home/yanickch/pico/pico-sdk/src/rp2_common/pico_mem_ops/mem_ops_aeabi.S.obj
                0x0000000010004e7c                __wrap_memset
 .text.memcpy   0x0000000010004e88        0xc CMakeFiles/CoffeeScale.dir/home/yanickch/pico/pico-sdk/src/rp2_common/pico_mem_ops/mem_ops_aeabi.S.obj
                0x0000000010004e88                __wrap___aeabi_memcpy
                0x0000000010004e88                __wrap_memcpy
 .text.stdio_out_chars_crlf
                0x0000000010004e94       0xbc CMakeFiles/CoffeeScale.dir/home/yanickch/pico/pico-sdk/src/rp2_common/pico_stdio/stdio.c.obj
 .text.stdio_buffered_printer
                0x0000000010004f50       0x64 CMakeFiles/CoffeeScale.dir/home/yanickch/pico/pico-sdk/src/rp2_common/pico_stdio/stdio.c.obj
 .text.__wrap_puts
                0x0000000010004fb4       0xdc CMakeFiles/CoffeeScale.dir/home/yanickch/pico/pico-sdk/src/rp2_common/pico_stdio/stdio.c.obj
                0x0000000010004fb4                __wrap_puts
 .text._read    0x0000000010005090       0x8c CMakeFiles/CoffeeScale.dir/home/yanickch/pico/pico-sdk/src/rp2_common/pico_stdio/stdio.c.obj
                0x0000000010005090                _read
 .text._write   0x000000001000511c       0xa8 CMakeFiles/CoffeeScale.dir/home/yanickch/pico/pico-sdk/src/rp2_common/pico_stdio/stdio.c.obj
                0x000000001000511c                _write
 .text.stdio_set_driver_enabled
                0x00000000100051c4       0x3c CMakeFiles/CoffeeScale.dir/home/yanickch/pico/pico-sdk/src/rp2_common/pico_stdio/stdio.c.obj
                0x00000000100051c4                stdio_set_driver_enabled
 .text.__wrap_vprintf
                0x0000000010005200       0xd0 CMakeFiles/CoffeeScale.dir/home/yanickch/pico/pico-sdk/src/rp2_common/pico_stdio/stdio.c.obj
                0x0000000010005200                __wrap_vprintf
 .text.__wrap_printf
                0x00000000100052d0       0x18 CMakeFiles/CoffeeScale.dir/home/yanickch/pico/pico-sdk/src/rp2_common/pico_stdio/stdio.c.obj
                0x00000000100052d0                __wrap_printf
 .text.stdio_init_all
                0x00000000100052e8        0xc CMakeFiles/CoffeeScale.dir/home/yanickch/pico/pico-sdk/src/rp2_common/pico_stdio/stdio.c.obj
                0x00000000100052e8                stdio_init_all
 .text.stdio_uart_out_chars
                0x00000000100052f4       0x4c CMakeFiles/CoffeeScale.dir/home/yanickch/pico/pico-sdk/src/rp2_common/pico_stdio_uart/stdio_uart.c.obj
 .text.stdio_uart_in_chars
                0x0000000010005340       0x3c CMakeFiles/CoffeeScale.dir/home/yanickch/pico/pico-sdk/src/rp2_common/pico_stdio_uart/stdio_uart.c.obj
                0x0000000010005340                stdio_uart_in_chars
 .text.stdio_uart_init
                0x000000001000537c       0x48 CMakeFiles/CoffeeScale.dir/home/yanickch/pico/pico-sdk/src/rp2_common/pico_stdio_uart/stdio_uart.c.obj
                0x000000001000537c                stdio_uart_init
 .text.resetd_init
                0x00000000100053c4        0x4 CMakeFiles/CoffeeScale.dir/home/yanickch/pico/pico-sdk/src/rp2_common/pico_stdio_usb/reset_interface.c.obj
 .text.resetd_reset
                0x00000000100053c8        0xc CMakeFiles/CoffeeScale.dir/home/yanickch/pico/pico-sdk/src/rp2_common/pico_stdio_usb/reset_interface.c.obj
 .text.resetd_xfer_cb
                0x00000000100053d4        0x4 CMakeFiles/CoffeeScale.dir/home/yanickch/pico/pico-sdk/src/rp2_common/pico_stdio_usb/reset_interface.c.obj
 .text.resetd_open
                0x00000000100053d8       0x28 CMakeFiles/CoffeeScale.dir/home/yanickch/pico/pico-sdk/src/rp2_common/pico_stdio_usb/reset_interface.c.obj
 .text.resetd_control_xfer_cb
                0x0000000010005400       0x64 CMakeFiles/CoffeeScale.dir/home/yanickch/pico/pico-sdk/src/rp2_common/pico_stdio_usb/reset_interface.c.obj
 .text.usbd_app_driver_get_cb
                0x0000000010005464        0xc CMakeFiles/CoffeeScale.dir/home/yanickch/pico/pico-sdk/src/rp2_common/pico_stdio_usb/reset_interface.c.obj
                0x0000000010005464                usbd_app_driver_get_cb
 .text.tud_cdc_line_coding_cb
                0x0000000010005470       0x34 CMakeFiles/CoffeeScale.dir/home/yanickch/pico/pico-sdk/src/rp2_common/pico_stdio_usb/reset_interface.c.obj
                0x0000000010005470                tud_cdc_line_coding_cb
 .text.stdio_usb_in_chars
                0x00000000100054a4       0x68 CMakeFiles/CoffeeScale.dir/home/yanickch/pico/pico-sdk/src/rp2_common/pico_stdio_usb/stdio_usb.c.obj
                0x00000000100054a4                stdio_usb_in_chars
 .text.timer_task
                0x000000001000550c       0x10 CMakeFiles/CoffeeScale.dir/home/yanickch/pico/pico-sdk/src/rp2_common/pico_stdio_usb/stdio_usb.c.obj
 .text.low_priority_worker_irq
                0x000000001000551c       0x20 CMakeFiles/CoffeeScale.dir/home/yanickch/pico/pico-sdk/src/rp2_common/pico_stdio_usb/stdio_usb.c.obj
 .text.stdio_usb_out_chars
                0x000000001000553c       0xf0 CMakeFiles/CoffeeScale.dir/home/yanickch/pico/pico-sdk/src/rp2_common/pico_stdio_usb/stdio_usb.c.obj
 .text.stdio_usb_init
                0x000000001000562c       0x8c CMakeFiles/CoffeeScale.dir/home/yanickch/pico/pico-sdk/src/rp2_common/pico_stdio_usb/stdio_usb.c.obj
                0x000000001000562c                stdio_usb_init
 .text.tud_descriptor_device_cb
                0x00000000100056b8        0x8 CMakeFiles/CoffeeScale.dir/home/yanickch/pico/pico-sdk/src/rp2_common/pico_stdio_usb/stdio_usb_descriptors.c.obj
                0x00000000100056b8                tud_descriptor_device_cb
 .text.tud_descriptor_configuration_cb
                0x00000000100056c0        0x8 CMakeFiles/CoffeeScale.dir/home/yanickch/pico/pico-sdk/src/rp2_common/pico_stdio_usb/stdio_usb_descriptors.c.obj
                0x00000000100056c0                tud_descriptor_configuration_cb
 .text.tud_descriptor_string_cb
                0x00000000100056c8       0x70 CMakeFiles/CoffeeScale.dir/home/yanickch/pico/pico-sdk/src/rp2_common/pico_stdio_usb/stdio_usb_descriptors.c.obj
                0x00000000100056c8                tud_descriptor_string_cb
 .text.dcd_rp2040_irq
                0x0000000010005738      0x234 CMakeFiles/CoffeeScale.dir/mnt/d/linuxhome/yanickch/pico/pico-sdk/lib/tinyusb/src/portable/raspberrypi/rp2040/dcd_rp2040.c.obj
 .text.dcd_int_enable
                0x000000001000596c        0xc CMakeFiles/CoffeeScale.dir/mnt/d/linuxhome/yanickch/pico/pico-sdk/lib/tinyusb/src/portable/raspberrypi/rp2040/dcd_rp2040.c.obj
                0x000000001000596c                dcd_int_enable
 .text.dcd_set_address
                0x0000000010005978       0x14 CMakeFiles/CoffeeScale.dir/mnt/d/linuxhome/yanickch/pico/pico-sdk/lib/tinyusb/src/portable/raspberrypi/rp2040/dcd_rp2040.c.obj
                0x0000000010005978                dcd_set_address
 .text.dcd_connect
                0x000000001000598c       0x10 CMakeFiles/CoffeeScale.dir/mnt/d/linuxhome/yanickch/pico/pico-sdk/lib/tinyusb/src/portable/raspberrypi/rp2040/dcd_rp2040.c.obj
                0x000000001000598c                dcd_connect
 .text.dcd_init
                0x000000001000599c      0x148 CMakeFiles/CoffeeScale.dir/mnt/d/linuxhome/yanickch/pico/pico-sdk/lib/tinyusb/src/portable/raspberrypi/rp2040/dcd_rp2040.c.obj
                0x000000001000599c                dcd_init
 .text.dcd_edpt0_status_complete
                0x0000000010005ae4       0x1c CMakeFiles/CoffeeScale.dir/mnt/d/linuxhome/yanickch/pico/pico-sdk/lib/tinyusb/src/portable/raspberrypi/rp2040/dcd_rp2040.c.obj
                0x0000000010005ae4                dcd_edpt0_status_complete
 .text.dcd_edpt_open
                0x0000000010005b00      0x10c CMakeFiles/CoffeeScale.dir/mnt/d/linuxhome/yanickch/pico/pico-sdk/lib/tinyusb/src/portable/raspberrypi/rp2040/dcd_rp2040.c.obj
                0x0000000010005b00                dcd_edpt_open
 .text.dcd_edpt_close_all
                0x0000000010005c0c       0xbc CMakeFiles/CoffeeScale.dir/mnt/d/linuxhome/yanickch/pico/pico-sdk/lib/tinyusb/src/portable/raspberrypi/rp2040/dcd_rp2040.c.obj
                0x0000000010005c0c                dcd_edpt_close_all
 .text.dcd_edpt_xfer
                0x0000000010005cc8       0x24 CMakeFiles/CoffeeScale.dir/mnt/d/linuxhome/yanickch/pico/pico-sdk/lib/tinyusb/src/portable/raspberrypi/rp2040/dcd_rp2040.c.obj
                0x0000000010005cc8                dcd_edpt_xfer
 .text.dcd_edpt_stall
                0x0000000010005cec       0x38 CMakeFiles/CoffeeScale.dir/mnt/d/linuxhome/yanickch/pico/pico-sdk/lib/tinyusb/src/portable/raspberrypi/rp2040/dcd_rp2040.c.obj
                0x0000000010005cec                dcd_edpt_stall
 .text.dcd_edpt_clear_stall
                0x0000000010005d24       0x2c CMakeFiles/CoffeeScale.dir/mnt/d/linuxhome/yanickch/pico/pico-sdk/lib/tinyusb/src/portable/raspberrypi/rp2040/dcd_rp2040.c.obj
                0x0000000010005d24                dcd_edpt_clear_stall
 .text.rp2040_usb_init
                0x0000000010005d50       0x4c CMakeFiles/CoffeeScale.dir/mnt/d/linuxhome/yanickch/pico/pico-sdk/lib/tinyusb/src/portable/raspberrypi/rp2040/rp2040_usb.c.obj
                0x0000000010005d50                rp2040_usb_init
 .text.hw_endpoint_reset_transfer
                0x0000000010005d9c        0xc CMakeFiles/CoffeeScale.dir/mnt/d/linuxhome/yanickch/pico/pico-sdk/lib/tinyusb/src/portable/raspberrypi/rp2040/rp2040_usb.c.obj
                0x0000000010005d9c                hw_endpoint_reset_transfer
 .text._hw_endpoint_buffer_control_update32
                0x0000000010005da8       0x58 CMakeFiles/CoffeeScale.dir/mnt/d/linuxhome/yanickch/pico/pico-sdk/lib/tinyusb/src/portable/raspberrypi/rp2040/rp2040_usb.c.obj
                0x0000000010005da8                _hw_endpoint_buffer_control_update32
 .text.hw_endpoint_xfer_start
                0x0000000010005e00      0x154 CMakeFiles/CoffeeScale.dir/mnt/d/linuxhome/yanickch/pico/pico-sdk/lib/tinyusb/src/portable/raspberrypi/rp2040/rp2040_usb.c.obj
                0x0000000010005e00                hw_endpoint_xfer_start
 .text.hw_endpoint_xfer_continue
                0x0000000010005f54      0x1f8 CMakeFiles/CoffeeScale.dir/mnt/d/linuxhome/yanickch/pico/pico-sdk/lib/tinyusb/src/portable/raspberrypi/rp2040/rp2040_usb.c.obj
                0x0000000010005f54                hw_endpoint_xfer_continue
 .text.tud_mounted
                0x000000001000614c       0x10 CMakeFiles/CoffeeScale.dir/mnt/d/linuxhome/yanickch/pico/pico-sdk/lib/tinyusb/src/device/usbd.c.obj
                0x000000001000614c                tud_mounted
 .text.tud_suspended
                0x000000001000615c       0x10 CMakeFiles/CoffeeScale.dir/mnt/d/linuxhome/yanickch/pico/pico-sdk/lib/tinyusb/src/device/usbd.c.obj
                0x000000001000615c                tud_suspended
 .text.tud_inited
                0x000000001000616c        0xc CMakeFiles/CoffeeScale.dir/mnt/d/linuxhome/yanickch/pico/pico-sdk/lib/tinyusb/src/device/usbd.c.obj
                0x000000001000616c                tud_inited
 .text.tud_init
                0x0000000010006178       0xd8 CMakeFiles/CoffeeScale.dir/mnt/d/linuxhome/yanickch/pico/pico-sdk/lib/tinyusb/src/device/usbd.c.obj
                0x0000000010006178                tud_init
 .text.tud_task
                0x0000000010006250      0x950 CMakeFiles/CoffeeScale.dir/mnt/d/linuxhome/yanickch/pico/pico-sdk/lib/tinyusb/src/device/usbd.c.obj
                0x0000000010006250                tud_task
 .text.dcd_event_bus_signal
                0x0000000010006ba0      0x120 CMakeFiles/CoffeeScale.dir/mnt/d/linuxhome/yanickch/pico/pico-sdk/lib/tinyusb/src/device/usbd.c.obj
                0x0000000010006ba0                dcd_event_bus_signal
 .text.dcd_event_bus_reset
                0x0000000010006cc0       0x54 CMakeFiles/CoffeeScale.dir/mnt/d/linuxhome/yanickch/pico/pico-sdk/lib/tinyusb/src/device/usbd.c.obj
                0x0000000010006cc0                dcd_event_bus_reset
 .text.dcd_event_setup_received
                0x0000000010006d14       0x5c CMakeFiles/CoffeeScale.dir/mnt/d/linuxhome/yanickch/pico/pico-sdk/lib/tinyusb/src/device/usbd.c.obj
                0x0000000010006d14                dcd_event_setup_received
 .text.dcd_event_xfer_complete
                0x0000000010006d70       0x68 CMakeFiles/CoffeeScale.dir/mnt/d/linuxhome/yanickch/pico/pico-sdk/lib/tinyusb/src/device/usbd.c.obj
                0x0000000010006d70                dcd_event_xfer_complete
 .text.usbd_open_edpt_pair
                0x0000000010006dd8       0xb0 CMakeFiles/CoffeeScale.dir/mnt/d/linuxhome/yanickch/pico/pico-sdk/lib/tinyusb/src/device/usbd.c.obj
                0x0000000010006dd8                usbd_open_edpt_pair
 .text.usbd_edpt_open
                0x0000000010006e88       0x30 CMakeFiles/CoffeeScale.dir/mnt/d/linuxhome/yanickch/pico/pico-sdk/lib/tinyusb/src/device/usbd.c.obj
                0x0000000010006e88                usbd_edpt_open
 .text.usbd_edpt_claim
                0x0000000010006eb8       0x5c CMakeFiles/CoffeeScale.dir/mnt/d/linuxhome/yanickch/pico/pico-sdk/lib/tinyusb/src/device/usbd.c.obj
                0x0000000010006eb8                usbd_edpt_claim
 .text.usbd_edpt_release
                0x0000000010006f14       0x4c CMakeFiles/CoffeeScale.dir/mnt/d/linuxhome/yanickch/pico/pico-sdk/lib/tinyusb/src/device/usbd.c.obj
                0x0000000010006f14                usbd_edpt_release
 .text.usbd_edpt_xfer
                0x0000000010006f60       0x48 CMakeFiles/CoffeeScale.dir/mnt/d/linuxhome/yanickch/pico/pico-sdk/lib/tinyusb/src/device/usbd.c.obj
                0x0000000010006f60                usbd_edpt_xfer
 .text.tud_control_status
                0x0000000010006fa8       0x30 CMakeFiles/CoffeeScale.dir/mnt/d/linuxhome/yanickch/pico/pico-sdk/lib/tinyusb/src/device/usbd_control.c.obj
                0x0000000010006fa8                tud_control_status
 .text.tud_control_xfer
                0x0000000010006fd8       0xac CMakeFiles/CoffeeScale.dir/mnt/d/linuxhome/yanickch/pico/pico-sdk/lib/tinyusb/src/device/usbd_control.c.obj
                0x0000000010006fd8                tud_control_xfer
 .text.usbd_control_reset
                0x0000000010007084       0x14 CMakeFiles/CoffeeScale.dir/mnt/d/linuxhome/yanickch/pico/pico-sdk/lib/tinyusb/src/device/usbd_control.c.obj
                0x0000000010007084                usbd_control_reset
 .text.usbd_control_set_complete_callback
                0x0000000010007098        0xc CMakeFiles/CoffeeScale.dir/mnt/d/linuxhome/yanickch/pico/pico-sdk/lib/tinyusb/src/device/usbd_control.c.obj
                0x0000000010007098                usbd_control_set_complete_callback
 .text.usbd_control_set_request
                0x00000000100070a4       0x1c CMakeFiles/CoffeeScale.dir/mnt/d/linuxhome/yanickch/pico/pico-sdk/lib/tinyusb/src/device/usbd_control.c.obj
                0x00000000100070a4                usbd_control_set_request
 .text.usbd_control_xfer_cb
                0x00000000100070c0       0xf8 CMakeFiles/CoffeeScale.dir/mnt/d/linuxhome/yanickch/pico/pico-sdk/lib/tinyusb/src/device/usbd_control.c.obj
                0x00000000100070c0                usbd_control_xfer_cb
 .text.tud_cdc_n_connected
                0x00000000100071b8       0x30 CMakeFiles/CoffeeScale.dir/mnt/d/linuxhome/yanickch/pico/pico-sdk/lib/tinyusb/src/class/cdc/cdc_device.c.obj
                0x00000000100071b8                tud_cdc_n_connected
 .text.tud_cdc_n_available
                0x00000000100071e8       0x1c CMakeFiles/CoffeeScale.dir/mnt/d/linuxhome/yanickch/pico/pico-sdk/lib/tinyusb/src/class/cdc/cdc_device.c.obj
                0x00000000100071e8                tud_cdc_n_available
 .text.tud_cdc_n_read
                0x0000000010007204       0x70 CMakeFiles/CoffeeScale.dir/mnt/d/linuxhome/yanickch/pico/pico-sdk/lib/tinyusb/src/class/cdc/cdc_device.c.obj
                0x0000000010007204                tud_cdc_n_read
 .text.tud_cdc_n_write
                0x0000000010007274       0x90 CMakeFiles/CoffeeScale.dir/mnt/d/linuxhome/yanickch/pico/pico-sdk/lib/tinyusb/src/class/cdc/cdc_device.c.obj
                0x0000000010007274                tud_cdc_n_write
 .text.tud_cdc_n_write_flush
                0x0000000010007304       0x78 CMakeFiles/CoffeeScale.dir/mnt/d/linuxhome/yanickch/pico/pico-sdk/lib/tinyusb/src/class/cdc/cdc_device.c.obj
                0x0000000010007304                tud_cdc_n_write_flush
 .text.tud_cdc_n_write_available
                0x000000001000737c       0x1c CMakeFiles/CoffeeScale.dir/mnt/d/linuxhome/yanickch/pico/pico-sdk/lib/tinyusb/src/class/cdc/cdc_device.c.obj
                0x000000001000737c                tud_cdc_n_write_available
 .text.cdcd_init
                0x0000000010007398       0x7c CMakeFiles/CoffeeScale.dir/mnt/d/linuxhome/yanickch/pico/pico-sdk/lib/tinyusb/src/class/cdc/cdc_device.c.obj
                0x0000000010007398                cdcd_init
 .text.cdcd_reset
                0x0000000010007414       0x2c CMakeFiles/CoffeeScale.dir/mnt/d/linuxhome/yanickch/pico/pico-sdk/lib/tinyusb/src/class/cdc/cdc_device.c.obj
                0x0000000010007414                cdcd_reset
 .text.cdcd_open
                0x0000000010007440       0xe8 CMakeFiles/CoffeeScale.dir/mnt/d/linuxhome/yanickch/pico/pico-sdk/lib/tinyusb/src/class/cdc/cdc_device.c.obj
                0x0000000010007440                cdcd_open
 .text.cdcd_control_xfer_cb
                0x0000000010007528       0xe0 CMakeFiles/CoffeeScale.dir/mnt/d/linuxhome/yanickch/pico/pico-sdk/lib/tinyusb/src/class/cdc/cdc_device.c.obj
                0x0000000010007528                cdcd_control_xfer_cb
 .text.cdcd_xfer_cb
                0x0000000010007608      0x194 CMakeFiles/CoffeeScale.dir/mnt/d/linuxhome/yanickch/pico/pico-sdk/lib/tinyusb/src/class/cdc/cdc_device.c.obj
                0x0000000010007608                cdcd_xfer_cb
 .text.tusb_init
                0x000000001000779c        0xc CMakeFiles/CoffeeScale.dir/mnt/d/linuxhome/yanickch/pico/pico-sdk/lib/tinyusb/src/tusb.c.obj
                0x000000001000779c                tusb_init
 .text.tusb_inited
                0x00000000100077a8        0x8 CMakeFiles/CoffeeScale.dir/mnt/d/linuxhome/yanickch/pico/pico-sdk/lib/tinyusb/src/tusb.c.obj
                0x00000000100077a8                tusb_inited
 .text.tu_edpt_validate
                0x00000000100077b0       0x74 CMakeFiles/CoffeeScale.dir/mnt/d/linuxhome/yanickch/pico/pico-sdk/lib/tinyusb/src/tusb.c.obj
                0x00000000100077b0                tu_edpt_validate
 .text.tu_edpt_bind_driver
                0x0000000010007824       0x3c CMakeFiles/CoffeeScale.dir/mnt/d/linuxhome/yanickch/pico/pico-sdk/lib/tinyusb/src/tusb.c.obj
                0x0000000010007824                tu_edpt_bind_driver
 .text.tu_fifo_config
                0x0000000010007860       0x78 CMakeFiles/CoffeeScale.dir/mnt/d/linuxhome/yanickch/pico/pico-sdk/lib/tinyusb/src/common/tusb_fifo.c.obj
                0x0000000010007860                tu_fifo_config
 .text.tu_fifo_count
                0x00000000100078d8       0x24 CMakeFiles/CoffeeScale.dir/mnt/d/linuxhome/yanickch/pico/pico-sdk/lib/tinyusb/src/common/tusb_fifo.c.obj
                0x00000000100078d8                tu_fifo_count
 .text.tu_fifo_empty
                0x00000000100078fc       0x10 CMakeFiles/CoffeeScale.dir/mnt/d/linuxhome/yanickch/pico/pico-sdk/lib/tinyusb/src/common/tusb_fifo.c.obj
                0x00000000100078fc                tu_fifo_empty
 .text.tu_fifo_remaining
                0x000000001000790c       0x20 CMakeFiles/CoffeeScale.dir/mnt/d/linuxhome/yanickch/pico/pico-sdk/lib/tinyusb/src/common/tusb_fifo.c.obj
                0x000000001000790c                tu_fifo_remaining
 .text.tu_fifo_read
                0x000000001000792c       0x9c CMakeFiles/CoffeeScale.dir/mnt/d/linuxhome/yanickch/pico/pico-sdk/lib/tinyusb/src/common/tusb_fifo.c.obj
                0x000000001000792c                tu_fifo_read
 .text.tu_fifo_read_n
                0x00000000100079c8       0xfc CMakeFiles/CoffeeScale.dir/mnt/d/linuxhome/yanickch/pico/pico-sdk/lib/tinyusb/src/common/tusb_fifo.c.obj
                0x00000000100079c8                tu_fifo_read_n
 .text.tu_fifo_write
                0x0000000010007ac4       0x88 CMakeFiles/CoffeeScale.dir/mnt/d/linuxhome/yanickch/pico/pico-sdk/lib/tinyusb/src/common/tusb_fifo.c.obj
                0x0000000010007ac4                tu_fifo_write
 .text.tu_fifo_write_n
                0x0000000010007b4c       0xec CMakeFiles/CoffeeScale.dir/mnt/d/linuxhome/yanickch/pico/pico-sdk/lib/tinyusb/src/common/tusb_fifo.c.obj
                0x0000000010007b4c                tu_fifo_write_n
 .text.tu_fifo_clear
                0x0000000010007c38       0x4c CMakeFiles/CoffeeScale.dir/mnt/d/linuxhome/yanickch/pico/pico-sdk/lib/tinyusb/src/common/tusb_fifo.c.obj
                0x0000000010007c38                tu_fifo_clear
 .text.tu_fifo_set_overwritable
                0x0000000010007c84       0x3c CMakeFiles/CoffeeScale.dir/mnt/d/linuxhome/yanickch/pico/pico-sdk/lib/tinyusb/src/common/tusb_fifo.c.obj
                0x0000000010007c84                tu_fifo_set_overwritable
 .text.startup._retrieve_unique_id_on_boot
                0x0000000010007cc0       0x10 CMakeFiles/CoffeeScale.dir/home/yanickch/pico/pico-sdk/src/rp2_common/pico_unique_id/unique_id.c.obj
 .text.pico_get_unique_board_id_string
                0x0000000010007cd0      0x1c0 CMakeFiles/CoffeeScale.dir/home/yanickch/pico/pico-sdk/src/rp2_common/pico_unique_id/unique_id.c.obj
                0x0000000010007cd0                pico_get_unique_board_id_string
 .text.flash_get_unique_id
                0x0000000010007e90       0x3c CMakeFiles/CoffeeScale.dir/home/yanickch/pico/pico-sdk/src/rp2_common/hardware_flash/flash.c.obj
                0x0000000010007e90                flash_get_unique_id
 .text          0x0000000010007ecc      0x558 /usr/lib/gcc/arm-none-eabi/6.3.1/../../../arm-none-eabi/lib/thumb/v6-m/libc.a(lib_a-mallocr.o)
                0x0000000010007ecc                _malloc_r
 .text          0x0000000010008424        0x8 /usr/lib/gcc/arm-none-eabi/6.3.1/../../../arm-none-eabi/lib/thumb/v6-m/libc.a(lib_a-mlock.o)
                0x0000000010008424                __malloc_lock
                0x0000000010008428                __malloc_unlock
 .text          0x000000001000842c       0x24 /usr/lib/gcc/arm-none-eabi/6.3.1/../../../arm-none-eabi/lib/thumb/v6-m/libc.a(lib_a-sbrkr.o)
                0x000000001000842c                _sbrk_r
 .text          0x0000000010008450       0x64 /usr/lib/gcc/arm-none-eabi/6.3.1/../../../arm-none-eabi/lib/thumb/v6-m/libc.a(lib_a-strlen-stub.o)
                0x0000000010008450                strlen
 .text          0x00000000100084b4       0xd4 /usr/lib/gcc/arm-none-eabi/6.3.1/../../../arm-none-eabi/lib/thumb/v6-m/libc.a(lib_a-wbuf.o)
                0x00000000100084b4                __swbuf_r
                0x0000000010008570                __swbuf
 .text          0x0000000010008588       0xd4 /usr/lib/gcc/arm-none-eabi/6.3.1/../../../arm-none-eabi/lib/thumb/v6-m/libc.a(lib_a-wsetup.o)
                0x0000000010008588                __swsetup_r
 .text          0x000000001000865c      0x1a4 /usr/lib/gcc/arm-none-eabi/6.3.1/../../../arm-none-eabi/lib/thumb/v6-m/libc.a(lib_a-fflush.o)
                0x000000001000865c                __sflush_r
                0x00000000100087ac                _fflush_r
                0x00000000100087d8                fflush
 .text          0x0000000010008800      0x22c /usr/lib/gcc/arm-none-eabi/6.3.1/../../../arm-none-eabi/lib/thumb/v6-m/libc.a(lib_a-findfp.o)
                0x0000000010008804                _cleanup_r
                0x0000000010008908                __sfmoreglue
                0x0000000010008938                __sfp
                0x00000000100089c4                _cleanup
                0x00000000100089dc                __sinit
                0x00000000100089ec                __sfp_lock_acquire
                0x00000000100089f0                __sfp_lock_release
                0x00000000100089f4                __sinit_lock_acquire
                0x00000000100089f8                __sinit_lock_release
                0x00000000100089fc                __fp_lock_all
                0x0000000010008a14                __fp_unlock_all
 .text          0x0000000010008a2c      0x25c /usr/lib/gcc/arm-none-eabi/6.3.1/../../../arm-none-eabi/lib/thumb/v6-m/libc.a(lib_a-freer.o)
                0x0000000010008a2c                _malloc_trim_r
                0x0000000010008acc                _free_r
 .text          0x0000000010008c88       0x90 /usr/lib/gcc/arm-none-eabi/6.3.1/../../../arm-none-eabi/lib/thumb/v6-m/libc.a(lib_a-fwalk.o)
                0x0000000010008c88                _fwalk
                0x0000000010008ccc                _fwalk_reent
 .text          0x0000000010008d18       0xe8 /usr/lib/gcc/arm-none-eabi/6.3.1/../../../arm-none-eabi/lib/thumb/v6-m/libc.a(lib_a-makebuf.o)
                0x0000000010008d18                __swhatbuf_r
                0x0000000010008d78                __smakebuf_r
 .text          0x0000000010008e00       0xa0 /usr/lib/gcc/arm-none-eabi/6.3.1/../../../arm-none-eabi/lib/thumb/v6-m/libc.a(lib_a-stdio.o)
                0x0000000010008e00                __sread
                0x0000000010008e28                __seofread
                0x0000000010008e2c                __swrite
                0x0000000010008e68                __sseek
                0x0000000010008e94                __sclose
 .text          0x0000000010008ea0       0x28 /usr/lib/gcc/arm-none-eabi/6.3.1/../../../arm-none-eabi/lib/thumb/v6-m/libc.a(lib_a-writer.o)
                0x0000000010008ea0                _write_r
 .text          0x0000000010008ec8       0x24 /usr/lib/gcc/arm-none-eabi/6.3.1/../../../arm-none-eabi/lib/thumb/v6-m/libc.a(lib_a-closer.o)
                0x0000000010008ec8                _close_r
 .text          0x0000000010008eec       0xa0 /usr/lib/gcc/arm-none-eabi/6.3.1/../../../arm-none-eabi/lib/thumb/v6-m/libc.a(lib_a-fclose.o)
                0x0000000010008eec                _fclose_r
                0x0000000010008f78                fclose
 .text          0x0000000010008f8c       0x28 /usr/lib/gcc/arm-none-eabi/6.3.1/../../../arm-none-eabi/lib/thumb/v6-m/libc.a(lib_a-fstatr.o)
                0x0000000010008f8c                _fstat_r
 .text          0x0000000010008fb4       0x24 /usr/lib/gcc/arm-none-eabi/6.3.1/../../../arm-none-eabi/lib/thumb/v6-m/libc.a(lib_a-isattyr.o)
                0x0000000010008fb4                _isatty_r
 .text          0x0000000010008fd8       0x28 /usr/lib/gcc/arm-none-eabi/6.3.1/../../../arm-none-eabi/lib/thumb/v6-m/libc.a(lib_a-lseekr.o)
                0x0000000010008fd8                _lseek_r
 .text          0x0000000010009000       0x28 /usr/lib/gcc/arm-none-eabi/6.3.1/../../../arm-none-eabi/lib/thumb/v6-m/libc.a(lib_a-readr.o)
                0x0000000010009000                _read_r
 .text          0x0000000010009028       0x10 /usr/lib/gcc/arm-none-eabi/6.3.1/../../../arm-none-eabi/lib/thumb/v6-m/libnosys.a(close.o)
                0x0000000010009028                _close
 .text          0x0000000010009038       0x10 /usr/lib/gcc/arm-none-eabi/6.3.1/../../../arm-none-eabi/lib/thumb/v6-m/libnosys.a(fstat.o)
                0x0000000010009038                _fstat
 .text          0x0000000010009048       0x10 /usr/lib/gcc/arm-none-eabi/6.3.1/../../../arm-none-eabi/lib/thumb/v6-m/libnosys.a(isatty.o)
                0x0000000010009048                _isatty
 .text          0x0000000010009058       0x10 /usr/lib/gcc/arm-none-eabi/6.3.1/../../../arm-none-eabi/lib/thumb/v6-m/libnosys.a(lseek.o)
                0x0000000010009058                _lseek
 *(.fini)
 .fini          0x0000000010009068        0x4 /usr/lib/gcc/arm-none-eabi/6.3.1/thumb/v6-m/crti.o
                0x0000000010009068                _fini
 *fill*         0x000000001000906c        0x4 
 .fini.__stub   0x0000000010009070       0x70 linker stubs
 *crtbegin.o(.ctors)
 *crtbegin?.o(.ctors)
 *(EXCLUDE_FILE(*crtend.o *crtend?.o) .ctors)
 *(SORT(.ctors.*))
 *(.ctors)
 *crtbegin.o(.dtors)
 *crtbegin?.o(.dtors)
 *(EXCLUDE_FILE(*crtend.o *crtend?.o) .dtors)
 *(SORT(.dtors.*))
 *(.dtors)
 *(.eh_frame*)
 .eh_frame      0x00000000100090e0        0x0 /usr/lib/gcc/arm-none-eabi/6.3.1/thumb/v6-m/crtbegin.o
                0x00000000100090e0                . = ALIGN (0x4)

.glue_7         0x00000000100090e0        0x0
 .glue_7        0x00000000100090e0        0x0 linker stubs

.glue_7t        0x00000000100090e0        0x0
 .glue_7t       0x00000000100090e0        0x0 linker stubs

.vfp11_veneer   0x00000000100090e0        0x0
 .vfp11_veneer  0x00000000100090e0        0x0 linker stubs

.v4_bx          0x00000000100090e0        0x0
 .v4_bx         0x00000000100090e0        0x0 linker stubs

.iplt           0x00000000100090e0        0x0
 .iplt          0x00000000100090e0        0x0 /usr/lib/gcc/arm-none-eabi/6.3.1/thumb/v6-m/crtbegin.o

.rodata         0x00000000100090e0      0x59c
 *(EXCLUDE_FILE(*libm.a: *libc.a:*lib_a-mem*.o *libgcc.a:) .rodata*)
 .rodata.main.str1.4
                0x00000000100090e0       0x53 CMakeFiles/CoffeeScale.dir/main.c.obj
 *fill*         0x0000000010009133        0x1 
 .rodata.spin_lock_claim_unused.str1.4
                0x0000000010009134       0x1b CMakeFiles/CoffeeScale.dir/home/yanickch/pico/pico-sdk/src/rp2_common/hardware_sync/sync.c.obj
 *fill*         0x000000001000914f        0x1 
 .rodata.at_the_end_of_time
                0x0000000010009150        0x8 CMakeFiles/CoffeeScale.dir/home/yanickch/pico/pico-sdk/src/common/pico_time/time.c.obj
                0x0000000010009150                at_the_end_of_time
 .rodata.hardware_alarm_claim.str1.4
                0x0000000010009158       0x22 CMakeFiles/CoffeeScale.dir/home/yanickch/pico/pico-sdk/src/rp2_common/hardware_timer/timer.c.obj
 *fill*         0x000000001000917a        0x2 
 .rodata.hard_assertion_failure.str1.4
                0x000000001000917c        0xc CMakeFiles/CoffeeScale.dir/home/yanickch/pico/pico-sdk/src/rp2_common/pico_runtime/runtime.c.obj
 .rodata.panic.str1.4
                0x0000000010009188       0x12 CMakeFiles/CoffeeScale.dir/home/yanickch/pico/pico-sdk/src/rp2_common/pico_runtime/runtime.c.obj
 *fill*         0x000000001000919a        0x2 
 .rodata._vsnprintf
                0x000000001000919c      0x1e0 CMakeFiles/CoffeeScale.dir/home/yanickch/pico/pico-sdk/src/rp2_common/pico_printf/printf.c.obj
 .rodata._ftoa.str1.4
                0x000000001000937c       0x15 CMakeFiles/CoffeeScale.dir/home/yanickch/pico/pico-sdk/src/rp2_common/pico_printf/printf.c.obj
 *fill*         0x0000000010009391        0x7 
 .rodata.pow10.5356
                0x0000000010009398       0x50 CMakeFiles/CoffeeScale.dir/home/yanickch/pico/pico-sdk/src/rp2_common/pico_printf/printf.c.obj
 .rodata.__bi_44
                0x00000000100093e8        0xc CMakeFiles/CoffeeScale.dir/home/yanickch/pico/pico-sdk/src/rp2_common/pico_standard_link/binary_info.c.obj
 .rodata.__bi_75
                0x00000000100093f4        0xc CMakeFiles/CoffeeScale.dir/home/yanickch/pico/pico-sdk/src/rp2_common/pico_standard_link/binary_info.c.obj
 .rodata.__bi_81
                0x0000000010009400        0xc CMakeFiles/CoffeeScale.dir/home/yanickch/pico/pico-sdk/src/rp2_common/pico_standard_link/binary_info.c.obj
 .rodata.str1.4
                0x000000001000940c       0x40 CMakeFiles/CoffeeScale.dir/home/yanickch/pico/pico-sdk/src/rp2_common/pico_standard_link/binary_info.c.obj
 .rodata.crlf_str.5941
                0x000000001000944c        0x2 CMakeFiles/CoffeeScale.dir/home/yanickch/pico/pico-sdk/src/rp2_common/pico_stdio/stdio.c.obj
 *fill*         0x000000001000944e        0x2 
 .rodata.__bi_28.4722
                0x0000000010009450        0xc CMakeFiles/CoffeeScale.dir/home/yanickch/pico/pico-sdk/src/rp2_common/pico_stdio_uart/stdio_uart.c.obj
 .rodata.__bi_29.4726
                0x000000001000945c        0x8 CMakeFiles/CoffeeScale.dir/home/yanickch/pico/pico-sdk/src/rp2_common/pico_stdio_uart/stdio_uart.c.obj
 .rodata.str1.4
                0x0000000010009464       0x2c CMakeFiles/CoffeeScale.dir/home/yanickch/pico/pico-sdk/src/rp2_common/pico_stdio_uart/stdio_uart.c.obj
 .rodata._resetd_driver
                0x0000000010009490       0x18 CMakeFiles/CoffeeScale.dir/home/yanickch/pico/pico-sdk/src/rp2_common/pico_stdio_usb/reset_interface.c.obj
 .rodata.__bi_93.7066
                0x00000000100094a8        0xc CMakeFiles/CoffeeScale.dir/home/yanickch/pico/pico-sdk/src/rp2_common/pico_stdio_usb/stdio_usb.c.obj
 .rodata.str1.4
                0x00000000100094b4       0x13 CMakeFiles/CoffeeScale.dir/home/yanickch/pico/pico-sdk/src/rp2_common/pico_stdio_usb/stdio_usb.c.obj
 *fill*         0x00000000100094c7        0x1 
 .rodata.str1.4
                0x00000000100094c8       0x2a CMakeFiles/CoffeeScale.dir/home/yanickch/pico/pico-sdk/src/rp2_common/pico_stdio_usb/stdio_usb_descriptors.c.obj
 *fill*         0x00000000100094f2        0x2 
 .rodata.usbd_desc_cfg
                0x00000000100094f4       0x54 CMakeFiles/CoffeeScale.dir/home/yanickch/pico/pico-sdk/src/rp2_common/pico_stdio_usb/stdio_usb_descriptors.c.obj
 .rodata.usbd_desc_device
                0x0000000010009548       0x12 CMakeFiles/CoffeeScale.dir/home/yanickch/pico/pico-sdk/src/rp2_common/pico_stdio_usb/stdio_usb_descriptors.c.obj
 *fill*         0x000000001000955a        0x2 
 .rodata.usbd_desc_str
                0x000000001000955c       0x18 CMakeFiles/CoffeeScale.dir/home/yanickch/pico/pico-sdk/src/rp2_common/pico_stdio_usb/stdio_usb_descriptors.c.obj
 .rodata.dcd_rp2040_irq.str1.4
                0x0000000010009574       0x14 CMakeFiles/CoffeeScale.dir/mnt/d/linuxhome/yanickch/pico/pico-sdk/lib/tinyusb/src/portable/raspberrypi/rp2040/dcd_rp2040.c.obj
 .rodata._hw_endpoint_buffer_control_update32.str1.4
                0x0000000010009588       0x1f CMakeFiles/CoffeeScale.dir/mnt/d/linuxhome/yanickch/pico/pico-sdk/lib/tinyusb/src/portable/raspberrypi/rp2040/rp2040_usb.c.obj
 *fill*         0x00000000100095a7        0x1 
 .rodata.hw_endpoint_xfer_continue.str1.4
                0x00000000100095a8       0x29 CMakeFiles/CoffeeScale.dir/mnt/d/linuxhome/yanickch/pico/pico-sdk/lib/tinyusb/src/portable/raspberrypi/rp2040/rp2040_usb.c.obj
 .rodata.str1.4
                0x00000000100095d1       0x29 CMakeFiles/CoffeeScale.dir/mnt/d/linuxhome/yanickch/pico/pico-sdk/lib/tinyusb/src/portable/raspberrypi/rp2040/rp2040_usb.c.obj
                                          0x7 (size before relaxing)
 *fill*         0x00000000100095d1        0x3 
 .rodata.tud_task
                0x00000000100095d4       0x8c CMakeFiles/CoffeeScale.dir/mnt/d/linuxhome/yanickch/pico/pico-sdk/lib/tinyusb/src/device/usbd.c.obj
 .rodata._usbd_driver
                0x0000000010009660       0x18 CMakeFiles/CoffeeScale.dir/mnt/d/linuxhome/yanickch/pico/pico-sdk/lib/tinyusb/src/device/usbd.c.obj
 .rodata        0x0000000010009678        0x4 /usr/lib/gcc/arm-none-eabi/6.3.1/../../../arm-none-eabi/lib/thumb/v6-m/libc.a(lib_a-impure.o)
                0x0000000010009678                _global_impure_ptr
 .rodata.str1.4
                0x000000001000967c       0x2c /usr/lib/gcc/arm-none-eabi/6.3.1/../../../arm-none-eabi/lib/thumb/v6-m/libc.a(lib_a-impure.o)
                                          0x2 (size before relaxing)
                0x00000000100096a8                . = ALIGN (0x4)
 *(SORT(.flashdata*))
                0x00000000100096a8                . = ALIGN (0x4)

.rel.dyn        0x000000001000967c        0x0
 .rel.iplt      0x000000001000967c        0x0 /usr/lib/gcc/arm-none-eabi/6.3.1/thumb/v6-m/crtbegin.o

.ARM.extab
 *(.ARM.extab* .gnu.linkonce.armextab.*)
                0x000000001000967c                __exidx_start = .

.ARM.exidx
 *(.ARM.exidx* .gnu.linkonce.armexidx.*)
                0x000000001000967c                __exidx_end = .
                0x000000001000967c                . = ALIGN (0x4)
                0x000000001000967c                __binary_info_start = .

.binary_info    0x000000001000967c       0x28
 *(.binary_info.keep.*)
 .binary_info.keep.__bi_ptr22
                0x000000001000967c        0x4 CMakeFiles/CoffeeScale.dir/home/yanickch/pico/pico-sdk/src/rp2_common/pico_standard_link/binary_info.c.obj
 .binary_info.keep.__bi_ptr30
                0x0000000010009680        0x4 CMakeFiles/CoffeeScale.dir/home/yanickch/pico/pico-sdk/src/rp2_common/pico_standard_link/binary_info.c.obj
 .binary_info.keep.__bi_ptr38
                0x0000000010009684        0x4 CMakeFiles/CoffeeScale.dir/home/yanickch/pico/pico-sdk/src/rp2_common/pico_standard_link/binary_info.c.obj
 .binary_info.keep.__bi_ptr44
                0x0000000010009688        0x4 CMakeFiles/CoffeeScale.dir/home/yanickch/pico/pico-sdk/src/rp2_common/pico_standard_link/binary_info.c.obj
 .binary_info.keep.__bi_ptr50
                0x000000001000968c        0x4 CMakeFiles/CoffeeScale.dir/home/yanickch/pico/pico-sdk/src/rp2_common/pico_standard_link/binary_info.c.obj
 .binary_info.keep.__bi_ptr75
                0x0000000010009690        0x4 CMakeFiles/CoffeeScale.dir/home/yanickch/pico/pico-sdk/src/rp2_common/pico_standard_link/binary_info.c.obj
 .binary_info.keep.__bi_ptr81
                0x0000000010009694        0x4 CMakeFiles/CoffeeScale.dir/home/yanickch/pico/pico-sdk/src/rp2_common/pico_standard_link/binary_info.c.obj
 *(.binary_info.*)
 .binary_info.__bi_ptr28
                0x0000000010009698        0x4 CMakeFiles/CoffeeScale.dir/home/yanickch/pico/pico-sdk/src/rp2_common/pico_stdio_uart/stdio_uart.c.obj
 .binary_info.__bi_ptr29
                0x000000001000969c        0x4 CMakeFiles/CoffeeScale.dir/home/yanickch/pico/pico-sdk/src/rp2_common/pico_stdio_uart/stdio_uart.c.obj
 .binary_info.__bi_ptr93
                0x00000000100096a0        0x4 CMakeFiles/CoffeeScale.dir/home/yanickch/pico/pico-sdk/src/rp2_common/pico_stdio_usb/stdio_usb.c.obj
                0x00000000100096a4                __binary_info_end = .
                0x00000000100096a4                . = ALIGN (0x4)
                0x00000000100096a4                __etext = .

.ram_vector_table
                0x0000000020000000       0xc0
 *(.ram_vector_table)
 .ram_vector_table
                0x0000000020000000       0xc0 CMakeFiles/CoffeeScale.dir/home/yanickch/pico/pico-sdk/src/rp2_common/pico_runtime/runtime.c.obj
                0x0000000020000000                ram_vector_table

.data           0x00000000200000c0      0xc08 load address 0x00000000100096a4
                0x00000000200000c0                __data_start__ = .
 *(vtable)
 *(.time_critical*)
 .time_critical.mutex_enter_blocking
                0x00000000200000c0       0x48 CMakeFiles/CoffeeScale.dir/home/yanickch/pico/pico-sdk/src/common/pico_sync/mutex.c.obj
                0x00000000200000c0                mutex_enter_blocking
 .time_critical.mutex_try_enter
                0x0000000020000108       0x48 CMakeFiles/CoffeeScale.dir/home/yanickch/pico/pico-sdk/src/common/pico_sync/mutex.c.obj
                0x0000000020000108                mutex_try_enter
 .time_critical.mutex_enter_timeout_ms
                0x0000000020000150       0xa4 CMakeFiles/CoffeeScale.dir/home/yanickch/pico/pico-sdk/src/common/pico_sync/mutex.c.obj
                0x0000000020000150                mutex_enter_timeout_ms
 .time_critical.mutex_exit
                0x00000000200001f4       0x28 CMakeFiles/CoffeeScale.dir/home/yanickch/pico/pico-sdk/src/common/pico_sync/mutex.c.obj
                0x00000000200001f4                mutex_exit
 .time_critical.flash_init_boot2_copyout
                0x000000002000021c       0x34 CMakeFiles/CoffeeScale.dir/home/yanickch/pico/pico-sdk/src/rp2_common/hardware_flash/flash.c.obj
 .time_critical.flash_enable_xip_via_boot2
                0x0000000020000250       0x10 CMakeFiles/CoffeeScale.dir/home/yanickch/pico/pico-sdk/src/rp2_common/hardware_flash/flash.c.obj
 .time_critical.flash_cs_force
                0x0000000020000260       0x38 CMakeFiles/CoffeeScale.dir/home/yanickch/pico/pico-sdk/src/rp2_common/hardware_flash/flash.c.obj
 .time_critical.flash_do_cmd
                0x0000000020000298       0xac CMakeFiles/CoffeeScale.dir/home/yanickch/pico/pico-sdk/src/rp2_common/hardware_flash/flash.c.obj
                0x0000000020000298                flash_do_cmd
 *(.text*)
 .text          0x0000000020000344        0x4 /usr/lib/gcc/arm-none-eabi/6.3.1/thumb/v6-m/libgcc.a(_dvmd_tls.o)
                0x0000000020000344                __aeabi_ldiv0
                0x0000000020000344                __aeabi_idiv0
 .text.__stub   0x0000000020000348       0x30 linker stubs
                0x0000000020000378                . = ALIGN (0x4)
 *(.rodata*)
                0x0000000020000378                . = ALIGN (0x4)
 *(.data*)
 .data.striped_spin_lock_num
                0x0000000020000378        0x1 CMakeFiles/CoffeeScale.dir/home/yanickch/pico/pico-sdk/src/rp2_common/hardware_sync/sync.c.obj
 *fill*         0x0000000020000379        0x3 
 .data.default_alarm_pool
                0x000000002000037c       0x18 CMakeFiles/CoffeeScale.dir/home/yanickch/pico/pico-sdk/src/common/pico_time/time.c.obj
 .data.default_alarm_pool_heap
                0x0000000020000394       0x10 CMakeFiles/CoffeeScale.dir/home/yanickch/pico/pico-sdk/src/common/pico_time/time.c.obj
 .data          0x00000000200003a4       0x48 CMakeFiles/CoffeeScale.dir/home/yanickch/pico/pico-sdk/src/rp2_common/hardware_irq/irq_handler_chain.S.obj
                0x00000000200003a4                irq_handler_chain_slots
                0x00000000200003d4                irq_handler_chain_first_slot
                0x00000000200003de                irq_handler_chain_remove_tail
 *fill*         0x00000000200003ec        0x4 
 .data.aeabi_bits_funcs
                0x00000000200003f0       0x10 CMakeFiles/CoffeeScale.dir/home/yanickch/pico/pico-sdk/src/rp2_common/pico_bit_ops/bit_ops_aeabi.S.obj
                0x00000000200003f0                aeabi_bits_funcs
                0x0000000020000400                aeabi_bits_funcs_end
 .data.aeabi_mem_funcs
                0x0000000020000400       0x10 CMakeFiles/CoffeeScale.dir/home/yanickch/pico/pico-sdk/src/rp2_common/pico_mem_ops/mem_ops_aeabi.S.obj
                0x0000000020000400                aeabi_mem_funcs
                0x0000000020000410                aeabi_mem_funcs_end
 .data.stdio_uart
                0x0000000020000410       0x14 CMakeFiles/CoffeeScale.dir/home/yanickch/pico/pico-sdk/src/rp2_common/pico_stdio_uart/stdio_uart.c.obj
                0x0000000020000410                stdio_uart
 .data.stdio_usb
                0x0000000020000424       0x14 CMakeFiles/CoffeeScale.dir/home/yanickch/pico/pico-sdk/src/rp2_common/pico_stdio_usb/stdio_usb.c.obj
                0x0000000020000424                stdio_usb
 .data.ep_dir_string
                0x0000000020000438        0x8 CMakeFiles/CoffeeScale.dir/mnt/d/linuxhome/yanickch/pico/pico-sdk/lib/tinyusb/src/portable/raspberrypi/rp2040/rp2040_usb.c.obj
                0x0000000020000438                ep_dir_string
 .data._usbd_qdef
                0x0000000020000440       0x24 CMakeFiles/CoffeeScale.dir/mnt/d/linuxhome/yanickch/pico/pico-sdk/lib/tinyusb/src/device/usbd.c.obj
                0x0000000020000440                _usbd_qdef
 *fill*         0x0000000020000464        0x4 
 .data          0x0000000020000468      0x430 /usr/lib/gcc/arm-none-eabi/6.3.1/../../../arm-none-eabi/lib/thumb/v6-m/libc.a(lib_a-impure.o)
                0x0000000020000468                _impure_ptr
 .data          0x0000000020000898      0x410 /usr/lib/gcc/arm-none-eabi/6.3.1/../../../arm-none-eabi/lib/thumb/v6-m/libc.a(lib_a-mallocr.o)
                0x0000000020000898                __malloc_av_
                0x0000000020000ca0                __malloc_sbrk_base
                0x0000000020000ca4                __malloc_trim_threshold
                0x0000000020000ca8                . = ALIGN (0x4)
 *(.after_data.*)
                0x0000000020000ca8                . = ALIGN (0x4)
                0x0000000020000ca8                PROVIDE (__mutex_array_start, .)
 *(SORT(.mutex_array.*))
 *(.mutex_array)
 .mutex_array   0x0000000020000ca8        0x8 CMakeFiles/CoffeeScale.dir/home/yanickch/pico/pico-sdk/src/rp2_common/pico_stdio/stdio.c.obj
                0x0000000020000cb0                PROVIDE (__mutex_array_end, .)
                0x0000000020000cb0                . = ALIGN (0x4)
                0x0000000020000cb0                PROVIDE (__preinit_array_start, .)
 *(SORT(.preinit_array.*))
 .preinit_array.00001
                0x0000000020000cb0        0x4 CMakeFiles/CoffeeScale.dir/home/yanickch/pico/pico-sdk/src/rp2_common/pico_mem_ops/mem_ops_aeabi.S.obj
 .preinit_array.00010
                0x0000000020000cb4        0x4 CMakeFiles/CoffeeScale.dir/home/yanickch/pico/pico-sdk/src/rp2_common/pico_bit_ops/bit_ops_aeabi.S.obj
 .preinit_array.00020
                0x0000000020000cb8        0x4 CMakeFiles/CoffeeScale.dir/home/yanickch/pico/pico-sdk/src/rp2_common/pico_double/double_aeabi.S.obj
 .preinit_array.00020
                0x0000000020000cbc        0x4 CMakeFiles/CoffeeScale.dir/home/yanickch/pico/pico-sdk/src/rp2_common/pico_float/float_aeabi.S.obj
 *(.preinit_array)
                0x0000000020000cc0                PROVIDE (__preinit_array_end, .)
                0x0000000020000cc0                . = ALIGN (0x4)
                0x0000000020000cc0                PROVIDE (__init_array_start, .)
 *(SORT(.init_array.*))
 *(.init_array)
 .init_array    0x0000000020000cc0        0x4 /usr/lib/gcc/arm-none-eabi/6.3.1/thumb/v6-m/crtbegin.o
 .init_array    0x0000000020000cc4        0x4 CMakeFiles/CoffeeScale.dir/home/yanickch/pico/pico-sdk/src/rp2_common/pico_unique_id/unique_id.c.obj
                0x0000000020000cc8                PROVIDE (__init_array_end, .)
                0x0000000020000cc8                . = ALIGN (0x4)
                0x0000000020000cc8                PROVIDE (__fini_array_start, .)
 *(SORT(.fini_array.*))
 *(.fini_array)
                0x0000000020000cc8                PROVIDE (__fini_array_end, .)
 *(.jcr)
 .jcr           0x0000000020000cc8        0x0 /usr/lib/gcc/arm-none-eabi/6.3.1/thumb/v6-m/crtbegin.o
                0x0000000020000cc8                . = ALIGN (0x4)
                0x0000000020000cc8                __data_end__ = .

.tm_clone_table
                0x0000000020000cc8        0x0 load address 0x000000001000a2ac
 .tm_clone_table
                0x0000000020000cc8        0x0 /usr/lib/gcc/arm-none-eabi/6.3.1/thumb/v6-m/crtbegin.o
 .tm_clone_table
                0x0000000020000cc8        0x0 /usr/lib/gcc/arm-none-eabi/6.3.1/thumb/v6-m/crtend.o

.igot.plt       0x0000000020000cc8        0x0 load address 0x000000001000a2ac
 .igot.plt      0x0000000020000cc8        0x0 /usr/lib/gcc/arm-none-eabi/6.3.1/thumb/v6-m/crtbegin.o

.uninitialized_data
                0x0000000020000cc8        0x0 load address 0x000000001000a2ac
                0x0000000020000cc8                . = ALIGN (0x4)
 *(.uninitialized_data*)

.scratch_x      0x0000000020040000        0x0 load address 0x000000001000a2ac
                0x0000000020040000                __scratch_x_start__ = .
 *(.scratch_x.*)
                0x0000000020040000                . = ALIGN (0x4)
                0x0000000020040000                __scratch_x_end__ = .
                0x000000001000a2ac                __scratch_x_source__ = LOADADDR (.scratch_x)

.scratch_y      0x0000000020041000        0x0 load address 0x000000001000a2ac
                0x0000000020041000                __scratch_y_start__ = .
 *(.scratch_y.*)
                0x0000000020041000                . = ALIGN (0x4)
                0x0000000020041000                __scratch_y_end__ = .
                0x000000001000a2ac                __scratch_y_source__ = LOADADDR (.scratch_y)

.bss            0x0000000020000cc8      0xe20
                0x0000000020000cc8                . = ALIGN (0x4)
                0x0000000020000cc8                __bss_start__ = .
 *(SORT(.bss*))
 .bss.default_alarm_pool_entries
                0x0000000020000cc8      0x100 CMakeFiles/CoffeeScale.dir/home/yanickch/pico/pico-sdk/src/common/pico_time/time.c.obj
 .bss.last_avail_time.7045
                0x0000000020000dc8        0x8 CMakeFiles/CoffeeScale.dir/home/yanickch/pico/pico-sdk/src/rp2_common/pico_stdio_usb/stdio_usb.c.obj
 .bss           0x0000000020000dd0       0x1c /usr/lib/gcc/arm-none-eabi/6.3.1/thumb/v6-m/crtbegin.o
 .bss           0x0000000020000dec       0x34 /usr/lib/gcc/arm-none-eabi/6.3.1/../../../arm-none-eabi/lib/thumb/v6-m/libc.a(lib_a-mallocr.o)
                0x0000000020000dec                __malloc_top_pad
                0x0000000020000df0                __malloc_current_mallinfo
                0x0000000020000e18                __malloc_max_sbrked_mem
                0x0000000020000e1c                __malloc_max_total_mem
 .bss._app_driver
                0x0000000020000e20        0x4 CMakeFiles/CoffeeScale.dir/mnt/d/linuxhome/yanickch/pico/pico-sdk/lib/tinyusb/src/device/usbd.c.obj
 .bss._cdcd_itf
                0x0000000020000e24      0x2d8 CMakeFiles/CoffeeScale.dir/mnt/d/linuxhome/yanickch/pico/pico-sdk/lib/tinyusb/src/class/cdc/cdc_device.c.obj
 .bss._ctrl_xfer
                0x00000000200010fc       0x14 CMakeFiles/CoffeeScale.dir/mnt/d/linuxhome/yanickch/pico/pico-sdk/lib/tinyusb/src/device/usbd_control.c.obj
 .bss._ubsd_mutexdef
                0x0000000020001110        0x8 CMakeFiles/CoffeeScale.dir/mnt/d/linuxhome/yanickch/pico/pico-sdk/lib/tinyusb/src/device/usbd.c.obj
 .bss._usbd_ctrl_buf
                0x0000000020001118       0x40 CMakeFiles/CoffeeScale.dir/mnt/d/linuxhome/yanickch/pico/pico-sdk/lib/tinyusb/src/device/usbd_control.c.obj
 .bss._usbd_dev
                0x0000000020001158       0x53 CMakeFiles/CoffeeScale.dir/mnt/d/linuxhome/yanickch/pico/pico-sdk/lib/tinyusb/src/device/usbd.c.obj
 *fill*         0x00000000200011ab        0x1 
 .bss._usbd_mutex
                0x00000000200011ac        0x4 CMakeFiles/CoffeeScale.dir/mnt/d/linuxhome/yanickch/pico/pico-sdk/lib/tinyusb/src/device/usbd.c.obj
 .bss._usbd_q   0x00000000200011b0        0x4 CMakeFiles/CoffeeScale.dir/mnt/d/linuxhome/yanickch/pico/pico-sdk/lib/tinyusb/src/device/usbd.c.obj
 .bss.alarm_callbacks
                0x00000000200011b4       0x10 CMakeFiles/CoffeeScale.dir/home/yanickch/pico/pico-sdk/src/rp2_common/hardware_timer/timer.c.obj
 .bss.boot2_copyout
                0x00000000200011c4      0x100 CMakeFiles/CoffeeScale.dir/home/yanickch/pico/pico-sdk/src/rp2_common/hardware_flash/flash.c.obj
 .bss.claimed   0x00000000200012c4        0x4 CMakeFiles/CoffeeScale.dir/home/yanickch/pico/pico-sdk/src/rp2_common/hardware_sync/sync.c.obj
 .bss.configured_freq
                0x00000000200012c8       0x28 CMakeFiles/CoffeeScale.dir/home/yanickch/pico/pico-sdk/src/rp2_common/hardware_clocks/clocks.c.obj
 .bss.default_alarm_pool_entry_ids_high
                0x00000000200012f0       0x10 CMakeFiles/CoffeeScale.dir/home/yanickch/pico/pico-sdk/src/common/pico_time/time.c.obj
 .bss.default_alarm_pool_heap_nodes
                0x0000000020001300       0x30 CMakeFiles/CoffeeScale.dir/home/yanickch/pico/pico-sdk/src/common/pico_time/time.c.obj
 .bss.desc_str.6944
                0x0000000020001330       0x28 CMakeFiles/CoffeeScale.dir/home/yanickch/pico/pico-sdk/src/rp2_common/pico_stdio_usb/stdio_usb_descriptors.c.obj
 .bss.drivers   0x0000000020001358        0x4 CMakeFiles/CoffeeScale.dir/home/yanickch/pico/pico-sdk/src/rp2_common/pico_stdio/stdio.c.obj
 .bss.filter    0x000000002000135c        0x4 CMakeFiles/CoffeeScale.dir/home/yanickch/pico/pico-sdk/src/rp2_common/pico_stdio/stdio.c.obj
 .bss.heap_end.5767
                0x0000000020001360        0x4 CMakeFiles/CoffeeScale.dir/home/yanickch/pico/pico-sdk/src/rp2_common/pico_runtime/runtime.c.obj
 .bss.hw_endpoints
                0x0000000020001364      0x400 CMakeFiles/CoffeeScale.dir/mnt/d/linuxhome/yanickch/pico/pico-sdk/lib/tinyusb/src/portable/raspberrypi/rp2040/dcd_rp2040.c.obj
 .bss.lazy_vsnprintf
                0x0000000020001764        0x4 CMakeFiles/CoffeeScale.dir/home/yanickch/pico/pico-sdk/src/rp2_common/pico_printf/printf.c.obj
 .bss.load_value
                0x0000000020001768        0x4 CMakeFiles/CoffeeScale.dir/home/yanickch/pico/pico-sdk/src/rp2_common/hardware_watchdog/watchdog.c.obj
 .bss.next_buffer_ptr
                0x000000002000176c        0x4 CMakeFiles/CoffeeScale.dir/mnt/d/linuxhome/yanickch/pico/pico-sdk/lib/tinyusb/src/portable/raspberrypi/rp2040/dcd_rp2040.c.obj
 .bss.pools     0x0000000020001770       0x10 CMakeFiles/CoffeeScale.dir/home/yanickch/pico/pico-sdk/src/common/pico_time/time.c.obj
 .bss.retrieved_id
                0x0000000020001780        0x8 CMakeFiles/CoffeeScale.dir/home/yanickch/pico/pico-sdk/src/rp2_common/pico_unique_id/unique_id.c.obj
 .bss.sf_clz_func
                0x0000000020001788        0x4 CMakeFiles/CoffeeScale.dir/home/yanickch/pico/pico-sdk/src/rp2_common/pico_double/double_init_rom.c.obj
                0x0000000020001788                sf_clz_func
 .bss.sleep_notifier
                0x000000002000178c        0x4 CMakeFiles/CoffeeScale.dir/home/yanickch/pico/pico-sdk/src/common/pico_time/time.c.obj
 .bss.stdio_usb_mutex
                0x0000000020001790        0x8 CMakeFiles/CoffeeScale.dir/home/yanickch/pico/pico-sdk/src/rp2_common/pico_stdio_usb/stdio_usb.c.obj
 .bss.target_hi
                0x0000000020001798       0x10 CMakeFiles/CoffeeScale.dir/home/yanickch/pico/pico-sdk/src/rp2_common/hardware_timer/timer.c.obj
 .bss.uart_instance
                0x00000000200017a8        0x4 CMakeFiles/CoffeeScale.dir/home/yanickch/pico/pico-sdk/src/rp2_common/pico_stdio_uart/stdio_uart.c.obj
 .bss.usbd_serial_str
                0x00000000200017ac       0x11 CMakeFiles/CoffeeScale.dir/home/yanickch/pico/pico-sdk/src/rp2_common/pico_stdio_usb/stdio_usb_descriptors.c.obj
 .bss._app_driver_count
                0x00000000200017bd        0x1 CMakeFiles/CoffeeScale.dir/mnt/d/linuxhome/yanickch/pico/pico-sdk/lib/tinyusb/src/device/usbd.c.obj
 .bss._usbd_initialized
                0x00000000200017be        0x1 CMakeFiles/CoffeeScale.dir/mnt/d/linuxhome/yanickch/pico/pico-sdk/lib/tinyusb/src/device/usbd.c.obj
 .bss.boot2_copyout_valid
                0x00000000200017bf        0x1 CMakeFiles/CoffeeScale.dir/home/yanickch/pico/pico-sdk/src/rp2_common/hardware_flash/flash.c.obj
 .bss.claimed   0x00000000200017c0        0x1 CMakeFiles/CoffeeScale.dir/home/yanickch/pico/pico-sdk/src/rp2_common/hardware_timer/timer.c.obj
 .bss.irq_hander_chain_free_slot_head
                0x00000000200017c1        0x1 CMakeFiles/CoffeeScale.dir/home/yanickch/pico/pico-sdk/src/rp2_common/hardware_irq/irq.c.obj
 .bss.itf_num   0x00000000200017c2        0x1 CMakeFiles/CoffeeScale.dir/home/yanickch/pico/pico-sdk/src/rp2_common/pico_stdio_usb/reset_interface.c.obj
 .bss.timer_callbacks_pending
                0x00000000200017c3        0x1 CMakeFiles/CoffeeScale.dir/home/yanickch/pico/pico-sdk/src/rp2_common/hardware_timer/timer.c.obj
 *(COMMON)
 COMMON         0x00000000200017c4       0x5c CMakeFiles/CoffeeScale.dir/main.c.obj
                0x00000000200017c4                WtPerPour
                0x00000000200017dc                totWeight
                0x00000000200017e0                nSeq
                0x00000000200017e4                ElapseTimer
                0x00000000200017e8                nbPour
                0x00000000200017ec                DOUT
                0x00000000200017f0                ButtonTouch
                0x00000000200017f4                totTime
                0x00000000200017f8                TotalTimer
                0x00000000200017fc                PercPerPour
                0x0000000020001814                PD_SDK
                0x0000000020001818                actPour
                0x000000002000181c                TimePerPour
 COMMON         0x0000000020001820        0x4 CMakeFiles/CoffeeScale.dir/home/yanickch/pico/pico-sdk/src/rp2_common/hardware_uart/uart.c.obj
                0x0000000020001820                uart_char_to_line_feed
 COMMON         0x0000000020001824      0x100 CMakeFiles/CoffeeScale.dir/home/yanickch/pico/pico-sdk/src/rp2_common/pico_double/double_init_rom.c.obj
                0x0000000020001824                sd_table
 COMMON         0x0000000020001924      0x100 CMakeFiles/CoffeeScale.dir/home/yanickch/pico/pico-sdk/src/rp2_common/pico_float/float_init_rom.c.obj
                0x0000000020001924                sf_table
 COMMON         0x0000000020001a24       0xc0 CMakeFiles/CoffeeScale.dir/mnt/d/linuxhome/yanickch/pico/pico-sdk/lib/tinyusb/src/device/usbd.c.obj
                0x0000000020001a24                _usbd_qdef_buf
 COMMON         0x0000000020001ae4        0x4 /usr/lib/gcc/arm-none-eabi/6.3.1/../../../arm-none-eabi/lib/thumb/v6-m/libc.a(lib_a-reent.o)
                0x0000000020001ae4                errno
                0x0000000020001ae8                . = ALIGN (0x4)
                0x0000000020001ae8                __bss_end__ = .

.heap           0x0000000020001ae8      0x800
                0x0000000020001ae8                __end__ = .
                0x0000000020001ae8                end = __end__
 *(.heap*)
 .heap          0x0000000020001ae8      0x800 CMakeFiles/CoffeeScale.dir/home/yanickch/pico/pico-sdk/src/rp2_common/pico_standard_link/crt0.S.obj
                0x00000000200022e8                __HeapLimit = .

.stack1_dummy   0x0000000020040000        0x0
 *(.stack1*)

.stack_dummy    0x0000000020041000      0x800
 *(.stack*)
 .stack         0x0000000020041000      0x800 CMakeFiles/CoffeeScale.dir/home/yanickch/pico/pico-sdk/src/rp2_common/pico_standard_link/crt0.S.obj

.flash_end      0x000000001000a2ac        0x0
                0x000000001000a2ac                __flash_binary_end = .
                0x0000000020040000                __StackLimit = (ORIGIN (RAM) + LENGTH (RAM))
                0x0000000020041000                __StackOneTop = (ORIGIN (SCRATCH_X) + LENGTH (SCRATCH_X))
                0x0000000020042000                __StackTop = (ORIGIN (SCRATCH_Y) + LENGTH (SCRATCH_Y))
                0x0000000020041000                __StackOneBottom = (__StackOneTop - SIZEOF (.stack1_dummy))
                0x0000000020041800                __StackBottom = (__StackTop - SIZEOF (.stack_dummy))
                0x0000000020042000                PROVIDE (__stack, __StackTop)
                0x0000000000000001                ASSERT ((__StackLimit >= __HeapLimit), region RAM overflowed)
                0x0000000000000001                ASSERT (((__binary_info_header_end - __logical_binary_start) <= 0x100), Binary info must be in first 256 bytes of the binary)
LOAD CMakeFiles/CoffeeScale.dir/main.c.obj
LOAD CMakeFiles/CoffeeScale.dir/hx711.c.obj
LOAD CMakeFiles/CoffeeScale.dir/home/yanickch/pico/pico-sdk/src/rp2_common/pico_stdlib/stdlib.c.obj
LOAD CMakeFiles/CoffeeScale.dir/home/yanickch/pico/pico-sdk/src/rp2_common/hardware_gpio/gpio.c.obj
LOAD CMakeFiles/CoffeeScale.dir/home/yanickch/pico/pico-sdk/src/rp2_common/hardware_claim/claim.c.obj
LOAD CMakeFiles/CoffeeScale.dir/home/yanickch/pico/pico-sdk/src/rp2_common/pico_platform/platform.c.obj
LOAD CMakeFiles/CoffeeScale.dir/home/yanickch/pico/pico-sdk/src/rp2_common/hardware_sync/sync.c.obj
LOAD CMakeFiles/CoffeeScale.dir/home/yanickch/pico/pico-sdk/src/rp2_common/hardware_uart/uart.c.obj
LOAD CMakeFiles/CoffeeScale.dir/home/yanickch/pico/pico-sdk/src/rp2_common/hardware_divider/divider.S.obj
LOAD CMakeFiles/CoffeeScale.dir/home/yanickch/pico/pico-sdk/src/common/pico_time/time.c.obj
LOAD CMakeFiles/CoffeeScale.dir/home/yanickch/pico/pico-sdk/src/common/pico_time/timeout_helper.c.obj
LOAD CMakeFiles/CoffeeScale.dir/home/yanickch/pico/pico-sdk/src/rp2_common/hardware_timer/timer.c.obj
LOAD CMakeFiles/CoffeeScale.dir/home/yanickch/pico/pico-sdk/src/common/pico_sync/sem.c.obj
LOAD CMakeFiles/CoffeeScale.dir/home/yanickch/pico/pico-sdk/src/common/pico_sync/lock_core.c.obj
LOAD CMakeFiles/CoffeeScale.dir/home/yanickch/pico/pico-sdk/src/common/pico_sync/mutex.c.obj
LOAD CMakeFiles/CoffeeScale.dir/home/yanickch/pico/pico-sdk/src/common/pico_sync/critical_section.c.obj
LOAD CMakeFiles/CoffeeScale.dir/home/yanickch/pico/pico-sdk/src/common/pico_util/datetime.c.obj
LOAD CMakeFiles/CoffeeScale.dir/home/yanickch/pico/pico-sdk/src/common/pico_util/pheap.c.obj
LOAD CMakeFiles/CoffeeScale.dir/home/yanickch/pico/pico-sdk/src/common/pico_util/queue.c.obj
LOAD CMakeFiles/CoffeeScale.dir/home/yanickch/pico/pico-sdk/src/rp2_common/pico_runtime/runtime.c.obj
LOAD CMakeFiles/CoffeeScale.dir/home/yanickch/pico/pico-sdk/src/rp2_common/hardware_clocks/clocks.c.obj
LOAD CMakeFiles/CoffeeScale.dir/home/yanickch/pico/pico-sdk/src/rp2_common/hardware_irq/irq.c.obj
LOAD CMakeFiles/CoffeeScale.dir/home/yanickch/pico/pico-sdk/src/rp2_common/hardware_irq/irq_handler_chain.S.obj
LOAD CMakeFiles/CoffeeScale.dir/home/yanickch/pico/pico-sdk/src/rp2_common/hardware_pll/pll.c.obj
LOAD CMakeFiles/CoffeeScale.dir/home/yanickch/pico/pico-sdk/src/rp2_common/hardware_vreg/vreg.c.obj
LOAD CMakeFiles/CoffeeScale.dir/home/yanickch/pico/pico-sdk/src/rp2_common/hardware_watchdog/watchdog.c.obj
LOAD CMakeFiles/CoffeeScale.dir/home/yanickch/pico/pico-sdk/src/rp2_common/hardware_xosc/xosc.c.obj
LOAD CMakeFiles/CoffeeScale.dir/home/yanickch/pico/pico-sdk/src/rp2_common/pico_printf/printf.c.obj
LOAD CMakeFiles/CoffeeScale.dir/home/yanickch/pico/pico-sdk/src/rp2_common/pico_bit_ops/bit_ops_aeabi.S.obj
LOAD CMakeFiles/CoffeeScale.dir/home/yanickch/pico/pico-sdk/src/rp2_common/pico_bootrom/bootrom.c.obj
LOAD CMakeFiles/CoffeeScale.dir/home/yanickch/pico/pico-sdk/src/rp2_common/pico_divider/divider.S.obj
LOAD CMakeFiles/CoffeeScale.dir/home/yanickch/pico/pico-sdk/src/rp2_common/pico_double/double_aeabi.S.obj
LOAD CMakeFiles/CoffeeScale.dir/home/yanickch/pico/pico-sdk/src/rp2_common/pico_double/double_init_rom.c.obj
LOAD CMakeFiles/CoffeeScale.dir/home/yanickch/pico/pico-sdk/src/rp2_common/pico_double/double_math.c.obj
LOAD CMakeFiles/CoffeeScale.dir/home/yanickch/pico/pico-sdk/src/rp2_common/pico_double/double_v1_rom_shim.S.obj
LOAD CMakeFiles/CoffeeScale.dir/home/yanickch/pico/pico-sdk/src/rp2_common/pico_int64_ops/pico_int64_ops_aeabi.S.obj
LOAD CMakeFiles/CoffeeScale.dir/home/yanickch/pico/pico-sdk/src/rp2_common/pico_float/float_aeabi.S.obj
LOAD CMakeFiles/CoffeeScale.dir/home/yanickch/pico/pico-sdk/src/rp2_common/pico_float/float_init_rom.c.obj
LOAD CMakeFiles/CoffeeScale.dir/home/yanickch/pico/pico-sdk/src/rp2_common/pico_float/float_math.c.obj
LOAD CMakeFiles/CoffeeScale.dir/home/yanickch/pico/pico-sdk/src/rp2_common/pico_float/float_v1_rom_shim.S.obj
LOAD CMakeFiles/CoffeeScale.dir/home/yanickch/pico/pico-sdk/src/rp2_common/pico_malloc/pico_malloc.c.obj
LOAD CMakeFiles/CoffeeScale.dir/home/yanickch/pico/pico-sdk/src/rp2_common/pico_mem_ops/mem_ops_aeabi.S.obj
LOAD CMakeFiles/CoffeeScale.dir/home/yanickch/pico/pico-sdk/src/rp2_common/pico_standard_link/crt0.S.obj
LOAD CMakeFiles/CoffeeScale.dir/home/yanickch/pico/pico-sdk/src/rp2_common/pico_standard_link/new_delete.cpp.obj
LOAD CMakeFiles/CoffeeScale.dir/home/yanickch/pico/pico-sdk/src/rp2_common/pico_standard_link/binary_info.c.obj